Component: ARM Compiler 5.06 update 7 (build 960) Tool: armlink [4d3601]

==============================================================================

Section Cross References

    mg32x02z_adc_init.o(i.ADC_Init) refers to mg32x02z_adc_drv.o(i.ADC_StartCalibration) for ADC_StartCalibration
    mg32x02z_csc_init.o(i.CSC_IHRCO_Enable) refers to rt_memclr.o(.text) for __aeabi_memclr4
    mg32x02z_csc_init.o(i.CSC_Init) refers to rt_memclr.o(.text) for __aeabi_memclr4
    mg32x02z_csc_init.o(i.CSC_Init) refers to mg32x02z_csc_init.o(i.CSC_IHRCO_Enable) for CSC_IHRCO_Enable
    mg32x02z_csc_init.o(i.CSC_Init) refers to mg32x02z_csc_init.o(i.CSC_XOSC_Enable) for CSC_XOSC_Enable
    mg32x02z_csc_init.o(i.CSC_Init) refers to mg32x02z_csc_init.o(i.CSC_EXTCK_Enable) for CSC_EXTCK_Enable
    mg32x02z_csc_init.o(i.CSC_Init) refers to mg32x02z_csc_init.o(.constdata) for CSC_InitConfig
    mg32x02z_csc_init.o(i.CSC_Init) refers to system_mg32x02z.o(.data) for SystemCoreClock
    mg32x02z_csc_init.o(i.CSC_XOSC_Enable) refers to rt_memclr.o(.text) for __aeabi_memclr4
    mg32x02z_chipinit.o(i.ChipInit) refers to mg32x02z_pw_init.o(i.PW_Init) for PW_Init
    mg32x02z_chipinit.o(i.ChipInit) refers to mg32x02z_csc_init.o(i.CSC_Init) for CSC_Init
    mg32x02z_chipinit.o(i.ChipInit) refers to mg32x02z_rst_init.o(i.RST_Init) for RST_Init
    mg32x02z_chipinit.o(i.ChipInit) refers to mg32x02z_gpio_init.o(i.GPIO_Init) for GPIO_Init
    mg32x02z_chipinit.o(i.ChipInit) refers to mg32x02z_tm_init.o(i.TM_Init) for TM_Init
    mg32x02z_chipinit.o(i.ChipInit) refers to mg32x02z_exic_init.o(i.EXIC_Init) for EXIC_Init
    mg32x02z_chipinit.o(i.ChipInit) refers to mg32x02z_emb_init.o(i.EMB_Initial) for EMB_Initial
    mg32x02z_chipinit.o(i.ChipInit) refers to mg32x02z_mem_init.o(i.MEM_Init) for MEM_Init
    mg32x02z_chipinit.o(i.ChipInit) refers to mg32x02z_gpl_init.o(i.GPL_Init) for GPL_Init
    mg32x02z_chipinit.o(i.ChipInit) refers to mg32x02z_urt_init.o(i.URT_Init) for URT_Init
    mg32x02z_chipinit.o(i.ChipInit) refers to mg32x02z_adc_init.o(i.ADC_Init) for ADC_Init
    mg32x02z_chipinit.o(i.ChipInit) refers to mg32x02z_chipinit.o(.constdata) for CSC_InitConfig
    mg32x02z_gpio_init.o(i.GPIO_Init) refers to mg32x02z_gpio_init.o(.constdata) for GPIO_CFG
    mg32x02z_mem_init.o(i.MEM_Init) refers to mg32x02z__common_drv.o(i.UnProtectModuleReg) for UnProtectModuleReg
    mg32x02z_mem_init.o(i.MEM_Init) refers to mg32x02z__common_drv.o(i.ProtectModuleReg) for ProtectModuleReg
    mg32x02z_pw_init.o(i.PW_Init) refers to mg32x02z_pw_init.o(.constdata) for CONF_PW_InitConfig
    mg32x02z_rst_init.o(i.RST_Init) refers to mg32x02z_rst_init.o(.constdata) for CONF_RST_InitConfig
    mg32x02z_urt_init.o(i.URT_Config) refers to aeabi_sdiv.o(.text) for __aeabi_uidivmod
    mg32x02z__irqhandler.o(i.SysTick_Handler) refers to mg32x02z_common_mid.o(i.MID_IncTick) for MID_IncTick
    startup_mg32x02z.o(STACK) refers (Special) to heapauxi.o(.text) for __use_two_region_memory
    startup_mg32x02z.o(HEAP) refers (Special) to heapauxi.o(.text) for __use_two_region_memory
    startup_mg32x02z.o(RESET) refers (Special) to heapauxi.o(.text) for __use_two_region_memory
    startup_mg32x02z.o(RESET) refers to startup_mg32x02z.o(STACK) for __initial_sp
    startup_mg32x02z.o(RESET) refers to startup_mg32x02z.o(.text) for MG32x02z_IEC60730_MANAGER
    startup_mg32x02z.o(RESET) refers to mg32x02z__irqhandler.o(i.NMI_Handler) for NMI_Handler
    startup_mg32x02z.o(RESET) refers to mg32x02z__irqhandler.o(i.SVC_Handler) for SVC_Handler
    startup_mg32x02z.o(RESET) refers to mg32x02z__irqhandler.o(i.PendSV_Handler) for PendSV_Handler
    startup_mg32x02z.o(RESET) refers to mg32x02z__irqhandler.o(i.SysTick_Handler) for SysTick_Handler
    startup_mg32x02z.o(.text) refers (Special) to heapauxi.o(.text) for __use_two_region_memory
    startup_mg32x02z.o(.text) refers to system_mg32x02z.o(i.SystemInit) for SystemInit
    startup_mg32x02z.o(.text) refers to __main.o(!!!main) for __main
    startup_mg32x02z.o(.text) refers to system_mg32x02z.o(i.HardFault_Handler_C) for HardFault_Handler_C
    startup_mg32x02z.o(.text) refers to startup_mg32x02z.o(HEAP) for Heap_Mem
    startup_mg32x02z.o(.text) refers to startup_mg32x02z.o(STACK) for Stack_Mem
    system_mg32x02z.o(i.HardFault_Handler_C) refers to _printf_percent.o(.ARM.Collect$$_printf_percent$$00000000) for _printf_percent
    system_mg32x02z.o(i.HardFault_Handler_C) refers to _printf_x.o(.ARM.Collect$$_printf_percent$$0000000C) for _printf_x
    system_mg32x02z.o(i.HardFault_Handler_C) refers to _printf_hex_int.o(.text) for _printf_longlong_hex
    system_mg32x02z.o(i.HardFault_Handler_C) refers to noretval__2printf.o(.text) for __2printf
    system_mg32x02z.o(i.HardFault_Handler_C) refers to system_mg32x02z.o(.data) for stacked_r0
    system_mg32x02z.o(i.SystemCoreClockUpdate) refers to system_mg32x02z.o(.data) for SystemCoreClock
[...]
    Removing mg32x02z_gpl_init.o(i.GPL_Init), (30 bytes).
    Removing mg32x02z_gpl_init.o(.constdata), (148 bytes).
    Removing mg32x02z_mem_init.o(.rev16_text), (4 bytes).
    Removing mg32x02z_mem_init.o(.revsh_text), (4 bytes).
    Removing mg32x02z_mem_init.o(i.MEM_Init), (80 bytes).
    Removing mg32x02z_mem_init.o(.constdata), (148 bytes).
    Removing mg32x02z_pw_init.o(.rev16_text), (4 bytes).
    Removing mg32x02z_pw_init.o(.revsh_text), (4 bytes).
    Removing mg32x02z_pw_init.o(i.PW_Init), (56 bytes).
    Removing mg32x02z_pw_init.o(.constdata), (28 bytes).
    Removing mg32x02z_rst_init.o(.rev16_text), (4 bytes).
    Removing mg32x02z_rst_init.o(.revsh_text), (4 bytes).
    Removing mg32x02z_rst_init.o(i.RST_Init), (60 bytes).
    Removing mg32x02z_rst_init.o(.constdata), (36 bytes).
    Removing mg32x02z_tm_init.o(.rev16_text), (4 bytes).
    Removing mg32x02z_tm_init.o(.revsh_text), (4 bytes).
    Removing mg32x02z_tm_init.o(i.TM_Init), (2 bytes).
    Removing mg32x02z_urt_init.o(.rev16_text), (4 bytes).
    Removing mg32x02z_urt_init.o(.revsh_text), (4 bytes).
    Removing mg32x02z_urt_init.o(i.URT_Config), (208 bytes).
    Removing mg32x02z_urt_init.o(i.URT_Init), (4 bytes).
    Removing mg32x02z_urt_init.o(.constdata), (80 bytes).
    Removing mg32x02z__irqhandler.o(.rev16_text), (4 bytes).
    Removing mg32x02z__irqhandler.o(.revsh_text), (4 bytes).
    Removing mg32x02z__irqhandler.o(.constdata), (80 bytes).
    Removing mg32x02z__irqhandler.o(.data), (136 bytes).
    Removing system_mg32x02z.o(.rev16_text), (4 bytes).
    Removing system_mg32x02z.o(.revsh_text), (4 bytes).
    Removing system_mg32x02z.o(i.SystemCoreClockUpdate), (16 bytes).
    Removing system_mg32x02z.o(.constdata), (80 bytes).
    Removing mg32x02z_adc_drv.o(.rev16_text), (4 bytes).
    Removing mg32x02z_adc_drv.o(.revsh_text), (4 bytes).
    Removing mg32x02z_adc_drv.o(i.ADC_AutoOff_Cmd), (20 bytes).
    Removing mg32x02z_adc_drv.o(i.ADC_BaseStructure_Init), (20 bytes).
    Removing mg32x02z_adc_drv.o(i.ADC_Base_Init), (56 bytes).
    Removing mg32x02z_adc_drv.o(i.ADC_ChannelMUX_Select), (24 bytes).
    Removing mg32x02z_adc_drv.o(i.ADC_ClearFlag), (4 bytes).
    Removing mg32x02z_adc_drv.o(i.ADC_ClearSum0Flags), (4 bytes).
    Removing mg32x02z_adc_drv.o(i.ADC_ClearSum1Flags), (4 bytes).
    Removing mg32x02z_adc_drv.o(i.ADC_ClearSum2Flags), (4 bytes).
    Removing mg32x02z_adc_drv.o(i.ADC_ClockSource_Select), (16 bytes).
    Removing mg32x02z_adc_drv.o(i.ADC_Cmd), (16 bytes).
    Removing mg32x02z_adc_drv.o(i.ADC_ContinueMode_Cmd), (24 bytes).
    Removing mg32x02z_adc_drv.o(i.ADC_ConversionMode_Select), (136 bytes).
    Removing mg32x02z_adc_drv.o(i.ADC_DMA_Cmd), (20 bytes).
    Removing mg32x02z_adc_drv.o(i.ADC_DataAlignment_Select), (20 bytes).
    Removing mg32x02z_adc_drv.o(i.ADC_DataOverrunMode_Select), (16 bytes).
    Removing mg32x02z_adc_drv.o(i.ADC_DataResolution_Select), (20 bytes).
    Removing mg32x02z_adc_drv.o(i.ADC_DeInit), (50 bytes).
    Removing mg32x02z_adc_drv.o(i.ADC_ExternalChannel_Select), (6 bytes).
    Removing mg32x02z_adc_drv.o(i.ADC_GetAllFlagStatus), (6 bytes).
    Removing mg32x02z_adc_drv.o(i.ADC_GetDAT0Channel), (10 bytes).
    Removing mg32x02z_adc_drv.o(i.ADC_GetDAT0Data), (10 bytes).
    Removing mg32x02z_adc_drv.o(i.ADC_GetDAT0Flags), (8 bytes).
    Removing mg32x02z_adc_drv.o(i.ADC_GetSingleFlagStatus), (18 bytes).
    Removing mg32x02z_adc_drv.o(i.ADC_GetSum0Data), (8 bytes).
    Removing mg32x02z_adc_drv.o(i.ADC_GetSum0Flags), (6 bytes).
    Removing mg32x02z_adc_drv.o(i.ADC_GetSum1Data), (8 bytes).
    Removing mg32x02z_adc_drv.o(i.ADC_GetSum1Flags), (6 bytes).
    Removing mg32x02z_adc_drv.o(i.ADC_GetSum2Data), (8 bytes).
    Removing mg32x02z_adc_drv.o(i.ADC_GetSum2Flags), (6 bytes).
    Removing mg32x02z_adc_drv.o(i.ADC_HoldConversion_Cmd), (24 bytes).
    Removing mg32x02z_adc_drv.o(i.ADC_ITEA_Cmd), (16 bytes).
    Removing mg32x02z_adc_drv.o(i.ADC_IT_Config), (20 bytes).
    Removing mg32x02z_adc_drv.o(i.ADC_InternalChannel_Select), (6 bytes).
    Removing mg32x02z_adc_drv.o(i.ADC_MainConversionMode_Select), (20 bytes).
    Removing mg32x02z_adc_drv.o(i.ADC_Output_Select), (20 bytes).
    Removing mg32x02z_adc_drv.o(i.ADC_PGAOffsetCalibration_Cmd), (268 bytes).
    Removing mg32x02z_adc_drv.o(i.ADC_PGA_Cmd), (24 bytes).
    Removing mg32x02z_adc_drv.o(i.ADC_ScanLoopChannel_Enable), (20 bytes).
    Removing mg32x02z_adc_drv.o(i.ADC_SetDigitalOffset), (16 bytes).
    Removing mg32x02z_adc_drv.o(i.ADC_SetExtendSampling), (8 bytes).
    Removing mg32x02z_adc_drv.o(i.ADC_SetHigherThreshold), (4 bytes).
    Removing mg32x02z_adc_drv.o(i.ADC_SetInternalClockDivider), (20 bytes).
    Removing mg32x02z_adc_drv.o(i.ADC_SetLimitFunction), (20 bytes).
    Removing mg32x02z_adc_drv.o(i.ADC_SetLowerThreshold), (4 bytes).
    Removing mg32x02z_adc_drv.o(i.ADC_SetOutputCodeFormat), (16 bytes).
    Removing mg32x02z_adc_drv.o(i.ADC_SetPGAGain), (20 bytes).
    Removing mg32x02z_adc_drv.o(i.ADC_SetPGAOffset), (20 bytes).
    Removing mg32x02z_adc_drv.o(i.ADC_SetPLLClockDivider), (20 bytes).
    Removing mg32x02z_adc_drv.o(i.ADC_SetSum0Channel), (16 bytes).
    Removing mg32x02z_adc_drv.o(i.ADC_SetSum0Data), (4 bytes).
    Removing mg32x02z_adc_drv.o(i.ADC_SetSum1Channel), (20 bytes).
    Removing mg32x02z_adc_drv.o(i.ADC_SetSum1Data), (4 bytes).
    Removing mg32x02z_adc_drv.o(i.ADC_SetSum2Channel), (16 bytes).
    Removing mg32x02z_adc_drv.o(i.ADC_SetSum2Data), (4 bytes).
    Removing mg32x02z_adc_drv.o(i.ADC_SetSumNumber), (16 bytes).
    Removing mg32x02z_adc_drv.o(i.ADC_SingleDifferentMode_Select), (20 bytes).
    Removing mg32x02z_adc_drv.o(i.ADC_SoftwareConversion_Cmd), (20 bytes).
    Removing mg32x02z_adc_drv.o(i.ADC_StartCalibration), (644 bytes).
    Removing mg32x02z_adc_drv.o(i.ADC_SumChannelMode_Select), (20 bytes).
    Removing mg32x02z_adc_drv.o(i.ADC_SumOverrunMode_Select), (20 bytes).
    Removing mg32x02z_adc_drv.o(i.ADC_TriggerEdge_Select), (24 bytes).
    Removing mg32x02z_adc_drv.o(i.ADC_TriggerSource_Select), (20 bytes).
    Removing mg32x02z_adc_drv.o(i.ADC_VRMCalibration), (320 bytes).
    Removing mg32x02z_adc_drv.o(i.ADC_WaitDataReadOut), (20 bytes).
    Removing mg32x02z_adc_drv.o(i.ADC_WindowDetectRange_Select), (20 bytes).
    Removing mg32x02z_adc_drv.o(i.ADC_WindowDetect_Cmd), (16 bytes).
    Removing mg32x02z_apb_drv.o(.rev16_text), (4 bytes).
    Removing mg32x02z_apb_drv.o(.revsh_text), (4 bytes).
    Removing mg32x02z_apb_drv.o(i.APB_BreakSourceChannel0_Select), (16 bytes).
    Removing mg32x02z_apb_drv.o(i.APB_BreakSourceChannel1_Select), (20 bytes).
    Removing mg32x02z_apb_drv.o(i.APB_BreakSourceChannel2_Select), (16 bytes).
    Removing mg32x02z_apb_drv.o(i.APB_ClearFlag), (4 bytes).
    Removing mg32x02z_apb_drv.o(i.APB_GetAllFlagStatus), (6 bytes).
    Removing mg32x02z_apb_drv.o(i.APB_GetOBMxInitState), (20 bytes).
    Removing mg32x02z_apb_drv.o(i.APB_GetOBMxOutputState), (24 bytes).
    Removing mg32x02z_apb_drv.o(i.APB_GetOBMxSwitchState), (24 bytes).
    Removing mg32x02z_apb_drv.o(i.APB_GetSingleFlagStatus), (18 bytes).
    Removing mg32x02z_apb_drv.o(i.APB_IRCLK_Select), (24 bytes).
    Removing mg32x02z_apb_drv.o(i.APB_IRDAT_Select), (26 bytes).
    Removing mg32x02z_apb_drv.o(i.APB_ITEA_Cmd), (16 bytes).
    Removing mg32x02z_apb_drv.o(i.APB_ITR6_Select), (24 bytes).
    Removing mg32x02z_apb_drv.o(i.APB_ITR7_Select), (26 bytes).
    Removing mg32x02z_apb_drv.o(i.APB_IT_Config), (20 bytes).
    Removing mg32x02z_apb_drv.o(i.APB_InverseBKS0_Cmd), (16 bytes).
    Removing mg32x02z_apb_drv.o(i.APB_InverseBKS1_Cmd), (20 bytes).
    Removing mg32x02z_apb_drv.o(i.APB_InverseBKS2_Cmd), (20 bytes).
    Removing mg32x02z_apb_drv.o(i.APB_InverseIRCLK_Cmd), (26 bytes).
    Removing mg32x02z_apb_drv.o(i.APB_InverseIRDAT_Cmd), (26 bytes).
    Removing mg32x02z_apb_drv.o(i.APB_InverseOBMxOutput_Cmd), (20 bytes).
    Removing mg32x02z_apb_drv.o(i.APB_InverseOutputChannel0_Cmd), (16 bytes).
    Removing mg32x02z_apb_drv.o(i.APB_InverseOutputChannel1_Cmd), (20 bytes).
    Removing mg32x02z_apb_drv.o(i.APB_OBMxOpMode_Select), (16 bytes).
    Removing mg32x02z_apb_drv.o(i.APB_OutputChannel0Source_Select), (16 bytes).
    Removing mg32x02z_apb_drv.o(i.APB_OutputChannel1Source_Select), (20 bytes).
    Removing mg32x02z_apb_drv.o(i.APB_OutputFilter_Select), (20 bytes).
    Removing mg32x02z_apb_drv.o(i.APB_SetOBMxInitState), (34 bytes).
    Removing mg32x02z_apb_drv.o(i.APB_TimerX_Cmd), (16 bytes).
    Removing mg32x02z_cfg_drv.o(.rev16_text), (4 bytes).
    Removing mg32x02z_cfg_drv.o(.revsh_text), (4 bytes).
    Removing mg32x02z_cfg_drv.o(i.CFG_GetADC0RefBottom), (16 bytes).
    Removing mg32x02z_cfg_drv.o(i.CFG_GetADC0RefMiddle), (16 bytes).
    Removing mg32x02z_cfg_drv.o(i.CFG_GetADC0RefTop), (16 bytes).
    Removing mg32x02z_cfg_drv.o(i.CFG_SetADC0RefBottom), (16 bytes).
    Removing mg32x02z_cfg_drv.o(i.CFG_SetADC0RefMiddle), (16 bytes).
    Removing mg32x02z_cfg_drv.o(i.CFG_SetADC0RefTop), (16 bytes).
    Removing mg32x02z_cm0_drv.o(.rev16_text), (4 bytes).
    Removing mg32x02z_cm0_drv.o(.revsh_text), (4 bytes).
    Removing mg32x02z_cm0_drv.o(i.CM0_GetSysTickCurrentValue), (12 bytes).
    Removing mg32x02z_cm0_drv.o(i.CM0_SysTickClockSource_Select), (36 bytes).
    Removing mg32x02z_cm0_drv.o(i.CM0_SysTickIT_Cmd), (36 bytes).
    Removing mg32x02z_cm0_drv.o(i.CM0_SysTick_Cmd), (36 bytes).
    Removing mg32x02z_cmp_drv.o(.rev16_text), (4 bytes).
    Removing mg32x02z_cmp_drv.o(.revsh_text), (4 bytes).
    Removing mg32x02z_cmp_drv.o(i.CMP_ClearFlag), (4 bytes).
    Removing mg32x02z_cmp_drv.o(i.CMP_Cmd), (16 bytes).
    Removing mg32x02z_cmp_drv.o(i.CMP_DeInit), (24 bytes).
    Removing mg32x02z_cmp_drv.o(i.CMP_FilterClockDivider_Select), (20 bytes).
    Removing mg32x02z_cmp_drv.o(i.CMP_FilterClock_Select), (20 bytes).
    Removing mg32x02z_cmp_drv.o(i.CMP_GetAllFlagStatus), (6 bytes).
    Removing mg32x02z_cmp_drv.o(i.CMP_GetOutput), (120 bytes).
    Removing mg32x02z_cmp_drv.o(i.CMP_GetSingleFlagStatus), (18 bytes).
    Removing mg32x02z_cmp_drv.o(i.CMP_ITEA_Cmd), (16 bytes).
    Removing mg32x02z_cmp_drv.o(i.CMP_IT_Config), (20 bytes).
    Removing mg32x02z_cmp_drv.o(i.CMP_IVREF2_Cmd), (16 bytes).
    Removing mg32x02z_cmp_drv.o(i.CMP_IVREF2_Select), (40 bytes).
    Removing mg32x02z_cmp_drv.o(i.CMP_IVREF_Cmd), (16 bytes).
    Removing mg32x02z_cmp_drv.o(i.CMP_IVREF_Select), (40 bytes).
    Removing mg32x02z_cmp_drv.o(i.CMP_InverseOutputPin), (20 bytes).
    Removing mg32x02z_cmp_drv.o(i.CMP_NegativePin_Select), (20 bytes).
    Removing mg32x02z_cmp_drv.o(i.CMP_OutputPolarity_Select), (16 bytes).
    Removing mg32x02z_cmp_drv.o(i.CMP_PositivePin_Select), (16 bytes).
    Removing mg32x02z_cmp_drv.o(i.CMP_Power_Select), (20 bytes).
    Removing mg32x02z_csc_drv.o(.rev16_text), (4 bytes).
    Removing mg32x02z_csc_drv.o(.revsh_text), (4 bytes).
    Removing mg32x02z_csc_drv.o(i.CSC_CK_AHB_Divider_Select), (28 bytes).
    Removing mg32x02z_csc_drv.o(i.CSC_CK_APB_Divider_Select), (28 bytes).
    Removing mg32x02z_csc_drv.o(i.CSC_CK_HS_Select), (32 bytes).
    Removing mg32x02z_csc_drv.o(i.CSC_CK_LS_Select), (28 bytes).
    Removing mg32x02z_csc_drv.o(i.CSC_CK_MAIN_Select), (32 bytes).
    Removing mg32x02z_csc_drv.o(i.CSC_CK_ST_Select), (28 bytes).
    Removing mg32x02z_csc_drv.o(i.CSC_CK_UT_Divider_Select), (32 bytes).
    Removing mg32x02z_csc_drv.o(i.CSC_ClearFlag), (12 bytes).
    Removing mg32x02z_csc_drv.o(i.CSC_GetAllFlagStatus), (12 bytes).
    Removing mg32x02z_csc_drv.o(i.CSC_GetSingleFlagStatus), (28 bytes).
    Removing mg32x02z_csc_drv.o(i.CSC_ICKO_ClockSource_Select), (32 bytes).
    Removing mg32x02z_csc_drv.o(i.CSC_ICKO_Cmd), (40 bytes).
    Removing mg32x02z_csc_drv.o(i.CSC_ICKO_Divider_Select), (32 bytes).
    Removing mg32x02z_csc_drv.o(i.CSC_IHRCO_Cmd), (36 bytes).
    Removing mg32x02z_csc_drv.o(i.CSC_IHRCO_Select), (36 bytes).
    Removing mg32x02z_csc_drv.o(i.CSC_ITEA_Cmd), (40 bytes).
    Removing mg32x02z_csc_drv.o(i.CSC_IT_Config), (36 bytes).
    Removing mg32x02z_csc_drv.o(i.CSC_MissingClockDetectionDuration_Select), (28 bytes).
    Removing mg32x02z_csc_drv.o(i.CSC_MissingClockDetection_Cmd), (36 bytes).
    Removing mg32x02z_csc_drv.o(i.CSC_PLL_Cmd), (36 bytes).
    Removing mg32x02z_csc_drv.o(i.CSC_PLL_Config), (52 bytes).
    Removing mg32x02z_csc_drv.o(i.CSC_PeriphONModeClock_Config), (168 bytes).
    Removing mg32x02z_csc_drv.o(i.CSC_PeriphProcessClockSource_Config), (156 bytes).
    Removing mg32x02z_csc_drv.o(i.CSC_PeriphSLEEPModeClock_Config), (132 bytes).
    Removing mg32x02z_csc_drv.o(i.CSC_PeriphSTOPModeClock_Config), (44 bytes).
    Removing mg32x02z_csc_drv.o(i.CSC_XOSCGain_Select), (28 bytes).
    Removing mg32x02z_csc_drv.o(i.CSC_XOSC_Cmd), (52 bytes).
    Removing mg32x02z_dac_drv.o(.rev16_text), (4 bytes).
    Removing mg32x02z_dac_drv.o(.revsh_text), (4 bytes).
    Removing mg32x02z_dac_drv.o(i.DAC_ClearFlag), (4 bytes).
    Removing mg32x02z_dac_drv.o(i.DAC_Cmd), (16 bytes).
    Removing mg32x02z_dac_drv.o(i.DAC_CurrentMode_Select), (20 bytes).
    Removing mg32x02z_dac_drv.o(i.DAC_DMA_Cmd), (20 bytes).
    Removing mg32x02z_dac_drv.o(i.DAC_DataAlignment_Select), (20 bytes).
    Removing mg32x02z_dac_drv.o(i.DAC_DataResolution_Select), (20 bytes).
    Removing mg32x02z_dac_drv.o(i.DAC_DeInit), (14 bytes).
    Removing mg32x02z_dac_drv.o(i.DAC_GetAllFlagStatus), (6 bytes).
    Removing mg32x02z_dac_drv.o(i.DAC_GetDACState), (20 bytes).
    Removing mg32x02z_dac_drv.o(i.DAC_GetDAT0), (6 bytes).
    Removing mg32x02z_dac_drv.o(i.DAC_GetOutput), (6 bytes).
    Removing mg32x02z_dac_drv.o(i.DAC_GetSingleFlagStatus), (18 bytes).
    Removing mg32x02z_dac_drv.o(i.DAC_ITEA_Cmd), (16 bytes).
    Removing mg32x02z_dac_drv.o(i.DAC_IT_Config), (20 bytes).
    Removing mg32x02z_dac_drv.o(i.DAC_SetDAT0), (4 bytes).
    Removing mg32x02z_dac_drv.o(i.DAC_TriggerEdge_Select), (20 bytes).
    Removing mg32x02z_dac_drv.o(i.DAC_TriggerSource_Select), (16 bytes).
    Removing mg32x02z_dma_drv.o(.rev16_text), (4 bytes).
    Removing mg32x02z_dma_drv.o(.revsh_text), (4 bytes).
    Removing mg32x02z_dma_drv.o(i.DMA_AutoIncreaseDestinationAddress), (20 bytes).
    Removing mg32x02z_dma_drv.o(i.DMA_AutoIncreaseSourceAddress), (16 bytes).
    Removing mg32x02z_dma_drv.o(i.DMA_BaseInitStructure_Init), (52 bytes).
    Removing mg32x02z_dma_drv.o(i.DMA_Base_Init), (106 bytes).
    Removing mg32x02z_dma_drv.o(i.DMA_Channel_Cmd), (16 bytes).
    Removing mg32x02z_dma_drv.o(i.DMA_ClearChannelFlag), (4 bytes).
    Removing mg32x02z_dma_drv.o(i.DMA_ClearFlag), (4 bytes).
    Removing mg32x02z_dma_drv.o(i.DMA_Cmd), (24 bytes).
    Removing mg32x02z_dma_drv.o(i.DMA_DeInit), (60 bytes).
    Removing mg32x02z_dma_drv.o(i.DMA_Destination_Select), (16 bytes).
    Removing mg32x02z_dma_drv.o(i.DMA_GetAllFlagStatus), (6 bytes).
    Removing mg32x02z_dma_drv.o(i.DMA_GetCHxUseGPL), (10 bytes).
    Removing mg32x02z_dma_drv.o(i.DMA_GetChannelFlag), (18 bytes).
    Removing mg32x02z_dma_drv.o(i.DMA_GetCurrentDestinationAddress), (6 bytes).
    Removing mg32x02z_dma_drv.o(i.DMA_GetCurrentSourceAddress), (6 bytes).
    Removing mg32x02z_dma_drv.o(i.DMA_GetRemainDataCount), (6 bytes).
    Removing mg32x02z_dma_drv.o(i.DMA_GetSingleFlagStatus), (18 bytes).
    Removing mg32x02z_dma_drv.o(i.DMA_Hold_Cmd), (20 bytes).
    Removing mg32x02z_dma_drv.o(i.DMA_ITEA_Cmd), (16 bytes).
    Removing mg32x02z_dma_drv.o(i.DMA_IT_Config), (20 bytes).
    Removing mg32x02z_dma_drv.o(i.DMA_LastCycle_Cmd), (96 bytes).
    Removing mg32x02z_dma_drv.o(i.DMA_LoopMode_Cmd), (20 bytes).
    Removing mg32x02z_dma_drv.o(i.DMA_PriorityMode_Select), (20 bytes).
    Removing mg32x02z_dma_drv.o(i.DMA_SetBurstSize), (20 bytes).
    Removing mg32x02z_dma_drv.o(i.DMA_SetChxSKIP3Mode), (20 bytes).
    Removing mg32x02z_dma_drv.o(i.DMA_SetDestinationAddress), (4 bytes).
    Removing mg32x02z_dma_drv.o(i.DMA_SetExtTriggerMode), (16 bytes).
    Removing mg32x02z_dma_drv.o(i.DMA_SetExtTriggerPin), (16 bytes).
    Removing mg32x02z_dma_drv.o(i.DMA_SetExtraGPLChannel), (20 bytes).
    Removing mg32x02z_dma_drv.o(i.DMA_SetPriority), (20 bytes).
    Removing mg32x02z_dma_drv.o(i.DMA_SetSourceAddress), (4 bytes).
    Removing mg32x02z_dma_drv.o(i.DMA_SetTransferDataNumber), (4 bytes).
    Removing mg32x02z_dma_drv.o(i.DMA_Source_Select), (16 bytes).
    Removing mg32x02z_dma_drv.o(i.DMA_StartRequest), (12 bytes).
    Removing mg32x02z_emb_drv.o(.rev16_text), (4 bytes).
    Removing mg32x02z_emb_drv.o(.revsh_text), (4 bytes).
    Removing mg32x02z_emb_drv.o(i.EMB_AddressDataBusMode_Config), (52 bytes).
    Removing mg32x02z_emb_drv.o(i.EMB_GetSingleFlagStatus), (24 bytes).
    Removing mg32x02z_emb_drv.o(i.EMB_IT_Cmd), (32 bytes).
    Removing mg32x02z_emb_drv.o(i.EMB_SendSignalStatus_SW), (52 bytes).
    Removing mg32x02z_emb_drv.o(i.EMB_SignalInverse_Cmd), (52 bytes).
    Removing mg32x02z_emb_drv.o(i.EMB_SignalSWAP_Cmd), (52 bytes).
    Removing mg32x02z_emb_drv.o(i.EMB_SignalSW_Cmd), (52 bytes).
    Removing mg32x02z_emb_drv.o(i.EMB_WriteMode_Select), (32 bytes).
    Removing mg32x02z_exic_drv.o(.rev16_text), (4 bytes).
    Removing mg32x02z_exic_drv.o(.revsh_text), (4 bytes).
    Removing mg32x02z_exic_drv.o(i.EXIC_ClearPxTriggerEventFlag), (4 bytes).
    Removing mg32x02z_exic_drv.o(i.EXIC_ClearPxTriggerITFlag), (18 bytes).
    Removing mg32x02z_exic_drv.o(i.EXIC_GetITSourceID), (16 bytes).
    Removing mg32x02z_exic_drv.o(i.EXIC_GetPinxTriggerEventSingleFlagStatus), (16 bytes).
    Removing mg32x02z_exic_drv.o(i.EXIC_GetPxAllTriggerEventFlagStatus), (8 bytes).
    Removing mg32x02z_exic_drv.o(i.EXIC_GetPxAllTriggerITFlagStatus), (28 bytes).
    Removing mg32x02z_exic_drv.o(i.EXIC_GetPxTriggerAndITFlagStatus), (32 bytes).
    Removing mg32x02z_exic_drv.o(i.EXIC_GetPxTriggerOrITFlagStatus), (32 bytes).
    Removing mg32x02z_exic_drv.o(i.EXIC_NMITrigger_SW), (20 bytes).
    Removing mg32x02z_exic_drv.o(i.EXIC_NMI_Cmd), (24 bytes).
    Removing mg32x02z_exic_drv.o(i.EXIC_PxTriggerAndMask_Select), (4 bytes).
    Removing mg32x02z_exic_drv.o(i.EXIC_PxTriggerAndUnmatch_Cmd), (38 bytes).
    Removing mg32x02z_exic_drv.o(i.EXIC_PxTriggerITEA_Cmd), (36 bytes).
    Removing mg32x02z_exic_drv.o(i.EXIC_PxTriggerMode_Select), (52 bytes).
    Removing mg32x02z_exic_drv.o(i.EXIC_PxTriggerOrMask_Select), (4 bytes).
    Removing mg32x02z_exic_drv.o(i.EXIC_RXEV_Cmd), (26 bytes).
    Removing mg32x02z_gpio_drv.o(.rev16_text), (4 bytes).
    Removing mg32x02z_gpio_drv.o(.revsh_text), (4 bytes).
    Removing mg32x02z_gpio_drv.o(i.GPIO_ClearPortBit), (4 bytes).
    Removing mg32x02z_gpio_drv.o(i.GPIO_PinFunction_Select), (26 bytes).
    Removing mg32x02z_gpio_drv.o(i.GPIO_PinHighSpeedMode_Cmd), (20 bytes).
    Removing mg32x02z_gpio_drv.o(i.GPIO_PinInFilterDivider_Select), (18 bytes).
    Removing mg32x02z_gpio_drv.o(i.GPIO_PinInverse_Cmd), (20 bytes).
    Removing mg32x02z_gpio_drv.o(i.GPIO_PinMode_Config), (38 bytes).
    Removing mg32x02z_gpio_drv.o(i.GPIO_PinMode_Select), (20 bytes).
    Removing mg32x02z_gpio_drv.o(i.GPIO_PinOutputDrive_Select), (18 bytes).
    Removing mg32x02z_gpio_drv.o(i.GPIO_PinPUResister_Cmd), (20 bytes).
    Removing mg32x02z_gpio_drv.o(i.GPIO_PortFilterClockSource_Select), (20 bytes).
    Removing mg32x02z_gpio_drv.o(i.GPIO_PortMode_Config), (74 bytes).
    Removing mg32x02z_gpio_drv.o(i.GPIO_ReadPort), (8 bytes).
    Removing mg32x02z_gpio_drv.o(i.GPIO_SetClearPortBit), (12 bytes).
    Removing mg32x02z_gpio_drv.o(i.GPIO_SetPortBit), (4 bytes).
    Removing mg32x02z_gpio_drv.o(i.GPIO_WritePort), (4 bytes).
    Removing mg32x02z_gpl_drv.o(.rev16_text), (4 bytes).
    Removing mg32x02z_gpl_drv.o(.revsh_text), (4 bytes).
    Removing mg32x02z_gpl_drv.o(i.GPL_AfterBitOrderChange_Select), (20 bytes).
    Removing mg32x02z_gpl_drv.o(i.GPL_BeforeBitOrderChange_Select), (20 bytes).
    Removing mg32x02z_gpl_drv.o(i.GPL_ByteOrderChange_Cmd), (40 bytes).
    Removing mg32x02z_gpl_drv.o(i.GPL_CRC_Cmd), (40 bytes).
    Removing mg32x02z_gpl_drv.o(i.GPL_CRC_Data_Size_Select), (20 bytes).
    Removing mg32x02z_gpl_drv.o(i.GPL_CRC_Mode_Select), (20 bytes).
    Removing mg32x02z_gpl_drv.o(i.GPL_CRC_SetInitValue), (8 bytes).
    Removing mg32x02z_gpl_drv.o(i.GPL_DMA_Cmd), (40 bytes).
    Removing mg32x02z_gpl_drv.o(i.GPL_DataInput), (8 bytes).
    Removing mg32x02z_gpl_drv.o(i.GPL_GetAllFlagStatus), (8 bytes).
    Removing mg32x02z_gpl_drv.o(i.GPL_GetFlagStatus), (22 bytes).
    Removing mg32x02z_gpl_drv.o(i.GPL_GetOutputData), (12 bytes).
    Removing mg32x02z_gpl_drv.o(i.GPL_GetParityCheckByte), (118 bytes).
    Removing mg32x02z_gpl_drv.o(i.GPL_GetParityCheckByte_0), (26 bytes).
    Removing mg32x02z_gpl_drv.o(i.GPL_GetParityCheckByte_1), (26 bytes).
    Removing mg32x02z_gpl_drv.o(i.GPL_GetParityCheckByte_2), (26 bytes).
    Removing mg32x02z_gpl_drv.o(i.GPL_GetParityCheckByte_3), (26 bytes).
    Removing mg32x02z_gpl_drv.o(i.GPL_GetParityCheckHalfWord), (58 bytes).
    Removing mg32x02z_gpl_drv.o(i.GPL_GetParityCheckHalfWord_High), (26 bytes).
    Removing mg32x02z_gpl_drv.o(i.GPL_GetParityCheckHalfWord_Low), (26 bytes).
    Removing mg32x02z_gpl_drv.o(i.GPL_GetParityCheckWord), (26 bytes).
    Removing mg32x02z_gpl_drv.o(i.GPL_Inverse_Cmd), (40 bytes).
    Removing mg32x02z_gpl_drv.o(i.GPL_ParityCheck_Select), (20 bytes).
    Removing mg32x02z_i2c_drv.o(.rev16_text), (4 bytes).
    Removing mg32x02z_i2c_drv.o(.revsh_text), (4 bytes).
    Removing mg32x02z_i2c_drv.o(i.I2C_ClearEventFlag), (8 bytes).
    Removing mg32x02z_i2c_drv.o(i.I2C_ClearFlag), (4 bytes).
    Removing mg32x02z_i2c_drv.o(i.I2C_Cmd), (24 bytes).
    Removing mg32x02z_i2c_drv.o(i.I2C_GeneralCallAddress_Cmd), (24 bytes).
    Removing mg32x02z_i2c_drv.o(i.I2C_GetAllFlagStatus), (6 bytes).
    Removing mg32x02z_i2c_drv.o(i.I2C_GetEventCode), (12 bytes).
    Removing mg32x02z_i2c_drv.o(i.I2C_GetEventFlag), (22 bytes).
    Removing mg32x02z_i2c_drv.o(i.I2C_GetFlagStatus), (18 bytes).
    Removing mg32x02z_i2c_drv.o(i.I2C_GetITSource), (10 bytes).
    Removing mg32x02z_i2c_drv.o(i.I2C_GetSlaveAddress), (38 bytes).
    Removing mg32x02z_i2c_drv.o(i.I2C_GetSlaveMatchAddress), (6 bytes).
    Removing mg32x02z_i2c_drv.o(i.I2C_ITEA_Cmd), (24 bytes).
    Removing mg32x02z_i2c_drv.o(i.I2C_IT_Config), (20 bytes).
    Removing mg32x02z_i2c_drv.o(i.I2C_RXDMA_Cmd), (24 bytes).
    Removing mg32x02z_i2c_drv.o(i.I2C_ReceiveSBUF), (8 bytes).
    Removing mg32x02z_i2c_drv.o(i.I2C_SendSBUF), (6 bytes).
    Removing mg32x02z_i2c_drv.o(i.I2C_SetClockDivider), (14 bytes).
    Removing mg32x02z_i2c_drv.o(i.I2C_SetClockPrescaler), (12 bytes).
    Removing mg32x02z_i2c_drv.o(i.I2C_SetClockSource), (12 bytes).
    Removing mg32x02z_i2c_drv.o(i.I2C_SetPreDriveTime), (16 bytes).
    Removing mg32x02z_i2c_drv.o(i.I2C_SetSCLHighTime), (4 bytes).
    Removing mg32x02z_i2c_drv.o(i.I2C_SetSCLLowTime), (4 bytes).
    Removing mg32x02z_i2c_drv.o(i.I2C_SetSlaveAddress), (14 bytes).
    Removing mg32x02z_i2c_drv.o(i.I2C_SlaveAddressDetect_Cmd), (20 bytes).
    Removing mg32x02z_i2c_drv.o(i.I2C_TXDMA_Cmd), (24 bytes).
    Removing mg32x02z_iwdt_drv.o(.rev16_text), (4 bytes).
    Removing mg32x02z_iwdt_drv.o(.revsh_text), (4 bytes).
    Removing mg32x02z_iwdt_drv.o(i.IWDT_ClearFlag), (8 bytes).
    Removing mg32x02z_iwdt_drv.o(i.IWDT_Cmd), (42 bytes).
    Removing mg32x02z_iwdt_drv.o(i.IWDT_Divider_Select), (26 bytes).
    Removing mg32x02z_iwdt_drv.o(i.IWDT_GetAllFlagStatus), (8 bytes).
    Removing mg32x02z_iwdt_drv.o(i.IWDT_GetCounter), (8 bytes).
    Removing mg32x02z_iwdt_drv.o(i.IWDT_GetSingleFlagStatus), (24 bytes).
    Removing mg32x02z_iwdt_drv.o(i.IWDT_IT_Config), (34 bytes).
    Removing mg32x02z_iwdt_drv.o(i.IWDT_RefreshCounter), (16 bytes).
    Removing mg32x02z_iwdt_drv.o(i.IWDT_StopModeWakeUpEvent_Config), (34 bytes).
    Removing mg32x02z_mem_drv.o(.rev16_text), (4 bytes).
    Removing mg32x02z_mem_drv.o(.revsh_text), (4 bytes).
    Removing mg32x02z_mem_drv.o(i.MEM_APWrite_Cmd), (124 bytes).
    Removing mg32x02z_mem_drv.o(i.MEM_Access_Cmd), (60 bytes).
    Removing mg32x02z_mem_drv.o(i.MEM_ClearFlag), (8 bytes).
    Removing mg32x02z_mem_drv.o(i.MEM_Cmd), (60 bytes).
    Removing mg32x02z_mem_drv.o(i.MEM_ErrorHardFault_Cmd), (60 bytes).
    Removing mg32x02z_mem_drv.o(i.MEM_ErrorReset_Cmd), (60 bytes).
    Removing mg32x02z_mem_drv.o(i.MEM_GetAccessState), (22 bytes).
    Removing mg32x02z_mem_drv.o(i.MEM_GetAllAccessState), (16 bytes).
    Removing mg32x02z_mem_drv.o(i.MEM_GetAllFlagStatus), (8 bytes).
    Removing mg32x02z_mem_drv.o(i.MEM_GetFlagStatus), (22 bytes).
    Removing mg32x02z_mem_drv.o(i.MEM_GetIAPSize), (12 bytes).
    Removing mg32x02z_mem_drv.o(i.MEM_GetISPSize), (12 bytes).
    Removing mg32x02z_mem_drv.o(i.MEM_IAPExecuteCode_Cmd), (120 bytes).
    Removing mg32x02z_mem_drv.o(i.MEM_IAPWrite_Cmd), (120 bytes).
    Removing mg32x02z_mem_drv.o(i.MEM_ISPDRead_Cmd), (120 bytes).
    Removing mg32x02z_mem_drv.o(i.MEM_ISPDWrite_Cmd), (120 bytes).
    Removing mg32x02z_mem_drv.o(i.MEM_ISPRead_Cmd), (124 bytes).
    Removing mg32x02z_mem_drv.o(i.MEM_ISPWrite_Cmd), (124 bytes).
    Removing mg32x02z_mem_drv.o(i.MEM_ITEA_Cmd), (60 bytes).
    Removing mg32x02z_mem_drv.o(i.MEM_IT_Cmd), (60 bytes).
    Removing mg32x02z_mem_drv.o(i.MEM_SetFlashWaitState), (44 bytes).
    Removing mg32x02z_mem_drv.o(i.MEM_SetIAPSize), (116 bytes).
    Removing mg32x02z_mem_drv.o(i.MEM_SetIAPSizeLock), (56 bytes).
    Removing mg32x02z_mem_drv.o(i.MEM_SetISPMultiplePageEraseUnProtect), (104 bytes).
    Removing mg32x02z_mem_drv.o(i.MEM_SetISPMultipleProgramUnProtect), (100 bytes).
    Removing mg32x02z_mem_drv.o(i.MEM_SetISPMultipleWriteProtect), (56 bytes).
    Removing mg32x02z_mem_drv.o(i.MEM_SetISPSinglePageEraseUnProtect), (104 bytes).
    Removing mg32x02z_mem_drv.o(i.MEM_SetISPSingleProgramUnProtect), (104 bytes).
    Removing mg32x02z_mem_drv.o(i.MEM_SetMultiplePageEraseUnProtect), (56 bytes).
    Removing mg32x02z_mem_drv.o(i.MEM_SetMultipleProgramUnProtect), (56 bytes).
    Removing mg32x02z_mem_drv.o(i.MEM_SetMultipleWriteProtect), (60 bytes).
    Removing mg32x02z_mem_drv.o(i.MEM_SetSinglePageEraseUnProtect), (56 bytes).
    Removing mg32x02z_mem_drv.o(i.MEM_SetSingleProgramUnProtect), (56 bytes).
    Removing mg32x02z_mem_drv.o(i.MEM_SetWriteMode), (48 bytes).
    Removing mg32x02z_mem_drv.o(i.MEM_SetWriteUnProtect), (168 bytes).
    Removing mg32x02z_mem_drv.o(i.MEM_WriteFlashHold_Cmd), (60 bytes).
    Removing mg32x02z_pw_drv.o(.rev16_text), (4 bytes).
    Removing mg32x02z_pw_drv.o(.revsh_text), (4 bytes).
    Removing mg32x02z_pw_drv.o(i.PW_BOD0_Cmd), (40 bytes).
    Removing mg32x02z_pw_drv.o(i.PW_BOD1Threshold_Select), (28 bytes).
    Removing mg32x02z_pw_drv.o(i.PW_BOD1Trigger_Select), (24 bytes).
    Removing mg32x02z_pw_drv.o(i.PW_BOD1_Cmd), (40 bytes).
    Removing mg32x02z_pw_drv.o(i.PW_ClearFlag), (12 bytes).
    Removing mg32x02z_pw_drv.o(i.PW_GetAllFlagStatus), (12 bytes).
    Removing mg32x02z_pw_drv.o(i.PW_GetBod1Status), (28 bytes).
    Removing mg32x02z_pw_drv.o(i.PW_GetSingleFlagStatus), (28 bytes).
    Removing mg32x02z_pw_drv.o(i.PW_GetWakeUpMode), (52 bytes).
    Removing mg32x02z_pw_drv.o(i.PW_ITEA_Cmd), (40 bytes).
    Removing mg32x02z_pw_drv.o(i.PW_IT_Config), (36 bytes).
    Removing mg32x02z_pw_drv.o(i.PW_ONModeLDO_Select), (28 bytes).
    Removing mg32x02z_pw_drv.o(i.PW_PeriphSLEEPModeContinuous_Config), (32 bytes).
    Removing mg32x02z_pw_drv.o(i.PW_PeriphSTOPModeContinuous_Config), (32 bytes).
    Removing mg32x02z_pw_drv.o(i.PW_PeriphSTOPModeWakeUp_Config), (80 bytes).
    Removing mg32x02z_pw_drv.o(i.PW_STOPModeLDO_Select), (28 bytes).
    Removing mg32x02z_pw_drv.o(i.PW_VoltageBuffer), (40 bytes).
    Removing mg32x02z_pw_drv.o(i.PW_WakeUpDelay_Select), (28 bytes).
    Removing mg32x02z_rst_drv.o(.rev16_text), (4 bytes).
    Removing mg32x02z_rst_drv.o(.revsh_text), (4 bytes).
    Removing mg32x02z_rst_drv.o(i.RST_CRstSource_Config), (34 bytes).
    Removing mg32x02z_rst_drv.o(i.RST_ClearFlag), (8 bytes).
    Removing mg32x02z_rst_drv.o(i.RST_ForceRstPeriph_SW), (188 bytes).
    Removing mg32x02z_rst_drv.o(i.RST_GetAllFlagStatus), (8 bytes).
    Removing mg32x02z_rst_drv.o(i.RST_GetSingleFlagStatus), (24 bytes).
    Removing mg32x02z_rst_drv.o(i.RST_TriggerSystemRst_SW), (40 bytes).
    Removing mg32x02z_rst_drv.o(i.RST_WRstGPIOLock_Config), (34 bytes).
    Removing mg32x02z_rst_drv.o(i.RST_WRstSource_Config), (34 bytes).
    Removing mg32x02z_rst_drv.o(i.RST_WWDTWRstMask_Cmd), (40 bytes).
    Removing mg32x02z_rtc_drv.o(.rev16_text), (4 bytes).
    Removing mg32x02z_rtc_drv.o(.revsh_text), (4 bytes).
    Removing mg32x02z_rtc_drv.o(i.RTC_Alarm_Cmd), (36 bytes).
    Removing mg32x02z_rtc_drv.o(i.RTC_CLK_Select), (28 bytes).
    Removing mg32x02z_rtc_drv.o(i.RTC_ClearFlag), (12 bytes).
    Removing mg32x02z_rtc_drv.o(i.RTC_Cmd), (32 bytes).
    Removing mg32x02z_rtc_drv.o(i.RTC_Divider_Select), (28 bytes).
    Removing mg32x02z_rtc_drv.o(i.RTC_GetAlarmCompareValue), (12 bytes).
    Removing mg32x02z_rtc_drv.o(i.RTC_GetAlarmState), (24 bytes).
    Removing mg32x02z_rtc_drv.o(i.RTC_GetAllFlagStatus), (12 bytes).
    Removing mg32x02z_rtc_drv.o(i.RTC_GetCaptureReg), (12 bytes).
    Removing mg32x02z_rtc_drv.o(i.RTC_GetReloadReg), (12 bytes).
    Removing mg32x02z_rtc_drv.o(i.RTC_GetSingleFlagStatus), (24 bytes).
    Removing mg32x02z_rtc_drv.o(i.RTC_ITEA_Cmd), (40 bytes).
    Removing mg32x02z_rtc_drv.o(i.RTC_IT_Config), (32 bytes).
    Removing mg32x02z_rtc_drv.o(i.RTC_InitOutputSignalState_Cmd), (40 bytes).
    Removing mg32x02z_rtc_drv.o(i.RTC_OutputSignal_Select), (24 bytes).
    Removing mg32x02z_rtc_drv.o(i.RTC_PreDivider_Select), (28 bytes).
    Removing mg32x02z_rtc_drv.o(i.RTC_RCR_Mode_Select), (28 bytes).
    Removing mg32x02z_rtc_drv.o(i.RTC_SetAlarmCompareValue), (12 bytes).
    Removing mg32x02z_rtc_drv.o(i.RTC_SetReloadReg), (12 bytes).
    Removing mg32x02z_rtc_drv.o(i.RTC_StopModeWakeUpEvent_Config), (36 bytes).
    Removing mg32x02z_rtc_drv.o(i.RTC_TriggerStamp_SW), (12 bytes).
    Removing mg32x02z_rtc_drv.o(i.RTC_TriggerStamp_Select), (28 bytes).
    Removing mg32x02z_spi_drv.o(.rev16_text), (4 bytes).
    Removing mg32x02z_spi_drv.o(.revsh_text), (4 bytes).
    Removing mg32x02z_spi_drv.o(i.SPI_BidirectionalOutput_Cmd), (80 bytes).
    Removing mg32x02z_spi_drv.o(i.SPI_ClearFlag), (4 bytes).
    Removing mg32x02z_spi_drv.o(i.SPI_ClearRxData), (12 bytes).
    Removing mg32x02z_spi_drv.o(i.SPI_ClearTxData), (12 bytes).
    Removing mg32x02z_spi_drv.o(i.SPI_ClockOutputSignal_Select), (20 bytes).
    Removing mg32x02z_spi_drv.o(i.SPI_ClockPhase_Select), (20 bytes).
    Removing mg32x02z_spi_drv.o(i.SPI_ClockPolarity_Select), (20 bytes).
    Removing mg32x02z_spi_drv.o(i.SPI_Clock_Select), (20 bytes).
    Removing mg32x02z_spi_drv.o(i.SPI_Cmd), (16 bytes).
    Removing mg32x02z_spi_drv.o(i.SPI_DataLineOutput_Cmd), (26 bytes).
    Removing mg32x02z_spi_drv.o(i.SPI_DataLine_Select), (20 bytes).
    Removing mg32x02z_spi_drv.o(i.SPI_DataSize_Select), (16 bytes).
    Removing mg32x02z_spi_drv.o(i.SPI_DeInit), (32 bytes).
    Removing mg32x02z_spi_drv.o(i.SPI_Divider_Select), (20 bytes).
    Removing mg32x02z_spi_drv.o(i.SPI_FirstBit_Select), (20 bytes).
    Removing mg32x02z_spi_drv.o(i.SPI_GetAllFlagStatus), (8 bytes).
    Removing mg32x02z_spi_drv.o(i.SPI_GetDataBufferReceivedBytes), (10 bytes).
    Removing mg32x02z_spi_drv.o(i.SPI_GetNSSInputStatust), (18 bytes).
    Removing mg32x02z_spi_drv.o(i.SPI_GetRxData), (6 bytes).
    Removing mg32x02z_spi_drv.o(i.SPI_GetRxShadowBufferLevel), (10 bytes).
    Removing mg32x02z_spi_drv.o(i.SPI_GetSingleFlagStatus), (16 bytes).
    Removing mg32x02z_spi_drv.o(i.SPI_GetTxData), (6 bytes).
    Removing mg32x02z_spi_drv.o(i.SPI_GetTxShadowBufferLevel), (10 bytes).
    Removing mg32x02z_spi_drv.o(i.SPI_ITEA_Cmd), (16 bytes).
    Removing mg32x02z_spi_drv.o(i.SPI_IT_Config), (20 bytes).
    Removing mg32x02z_spi_drv.o(i.SPI_LoopBackMode_Cmd), (20 bytes).
    Removing mg32x02z_spi_drv.o(i.SPI_ModeAndNss_Select), (18 bytes).
    Removing mg32x02z_spi_drv.o(i.SPI_ModfHappenedAction_Select), (20 bytes).
    Removing mg32x02z_spi_drv.o(i.SPI_MosiMisoSignalSwap_Cmd), (20 bytes).
    Removing mg32x02z_spi_drv.o(i.SPI_NSSInputSignal_Select), (20 bytes).
    Removing mg32x02z_spi_drv.o(i.SPI_NSSInputStatusControl_SW), (20 bytes).
    Removing mg32x02z_spi_drv.o(i.SPI_NSSOutputStatusControl_SW), (16 bytes).
    Removing mg32x02z_spi_drv.o(i.SPI_NssInputInverse_Cmd), (20 bytes).
    Removing mg32x02z_spi_drv.o(i.SPI_NssInputOutputSoftwareControl_Cmd), (20 bytes).
    Removing mg32x02z_spi_drv.o(i.SPI_NssOutputInverse_Cmd), (20 bytes).
    Removing mg32x02z_spi_drv.o(i.SPI_PreDivider_Select), (20 bytes).
    Removing mg32x02z_spi_drv.o(i.SPI_Prescaler_Select), (16 bytes).
    Removing mg32x02z_spi_drv.o(i.SPI_RXDMA_Cmd), (20 bytes).
    Removing mg32x02z_spi_drv.o(i.SPI_SendCopyMode_Cmd), (12 bytes).
    Removing mg32x02z_spi_drv.o(i.SPI_SetDataBufferReceivedBytes), (16 bytes).
    Removing mg32x02z_spi_drv.o(i.SPI_SetTxData), (42 bytes).
    Removing mg32x02z_spi_drv.o(i.SPI_SingleMasterModeNssPulse_Cmd), (14 bytes).
    Removing mg32x02z_spi_drv.o(i.SPI_SlaveModeReceivedThreshold_Select), (16 bytes).
    Removing mg32x02z_spi_drv.o(i.SPI_TXDMA_Cmd), (20 bytes).
    Removing mg32x02z_spi_drv.o(i.SPI_TransferBidirection_Select), (80 bytes).
    Removing mg32x02z_sys_drv.o(.rev16_text), (4 bytes).
    Removing mg32x02z_sys_drv.o(.revsh_text), (4 bytes).
    Removing mg32x02z_sys_drv.o(i.SYS_GetChipMID), (12 bytes).
    Removing mg32x02z_sys_drv.o(i.SYS_ITEA_Cmd), (24 bytes).
    Removing mg32x02z_sys_drv.o(i.SYS_ReadGeneralReg), (12 bytes).
    Removing mg32x02z_sys_drv.o(i.SYS_WriteGeneralReg), (12 bytes).
    Removing mg32x02z_tm_drv.o(.rev16_text), (4 bytes).
    Removing mg32x02z_tm_drv.o(.revsh_text), (4 bytes).
    Removing mg32x02z_tm_drv.o(i.TM_AlignmentMode_Select), (20 bytes).
    Removing mg32x02z_tm_drv.o(i.TM_AutoStop_Cmd), (16 bytes).
    Removing mg32x02z_tm_drv.o(i.TM_BreakCH012_Cmd), (20 bytes).
    Removing mg32x02z_tm_drv.o(i.TM_BreakCH3_Cmd), (24 bytes).
    Removing mg32x02z_tm_drv.o(i.TM_BreakMode_Select), (24 bytes).
    Removing mg32x02z_tm_drv.o(i.TM_BreakTrigger_SW), (24 bytes).
    Removing mg32x02z_tm_drv.o(i.TM_CH0Function_Config), (20 bytes).
    Removing mg32x02z_tm_drv.o(i.TM_CH1Function_Config), (24 bytes).
    Removing mg32x02z_tm_drv.o(i.TM_CH2Function_Config), (20 bytes).
    Removing mg32x02z_tm_drv.o(i.TM_CH3Function_Config), (24 bytes).
    Removing mg32x02z_tm_drv.o(i.TM_CKOOutputState_Init), (32 bytes).
    Removing mg32x02z_tm_drv.o(i.TM_ClearFlag), (4 bytes).
    Removing mg32x02z_tm_drv.o(i.TM_ClockOutSource_Select), (20 bytes).
    Removing mg32x02z_tm_drv.o(i.TM_ClockOut_Cmd), (16 bytes).
    Removing mg32x02z_tm_drv.o(i.TM_CounterClock_Select), (20 bytes).
    Removing mg32x02z_tm_drv.o(i.TM_Counter_Cmd), (24 bytes).
    Removing mg32x02z_tm_drv.o(i.TM_Counter_Config), (6 bytes).
    Removing mg32x02z_tm_drv.o(i.TM_Counter_SW), (22 bytes).
    Removing mg32x02z_tm_drv.o(i.TM_DMAChannel_Cmd), (20 bytes).
    Removing mg32x02z_tm_drv.o(i.TM_DMAUpdateMode_Select), (24 bytes).
    Removing mg32x02z_tm_drv.o(i.TM_DeInit), (72 bytes).
    Removing mg32x02z_tm_drv.o(i.TM_ExtTRGI2UEV_Cmd), (20 bytes).
    Removing mg32x02z_tm_drv.o(i.TM_ExtTRGI_Cmd), (20 bytes).
    Removing mg32x02z_tm_drv.o(i.TM_ExternalBreakEvent_Config), (30 bytes).
    Removing mg32x02z_tm_drv.o(i.TM_ExternalClock_Select), (20 bytes).
    Removing mg32x02z_tm_drv.o(i.TM_FallingCaptureIC0_SW), (20 bytes).
    Removing mg32x02z_tm_drv.o(i.TM_FallingCaptureIC1_SW), (20 bytes).
    Removing mg32x02z_tm_drv.o(i.TM_FallingCaptureIC2_SW), (20 bytes).
    Removing mg32x02z_tm_drv.o(i.TM_FallingCaptureIC3_SW), (20 bytes).
    Removing mg32x02z_tm_drv.o(i.TM_ForceUpdate_SW), (20 bytes).
    Removing mg32x02z_tm_drv.o(i.TM_GateCounter_SW), (20 bytes).
    Removing mg32x02z_tm_drv.o(i.TM_GatePrescaler_SW), (20 bytes).
    Removing mg32x02z_tm_drv.o(i.TM_GenerateCF0A_SW), (16 bytes).
    Removing mg32x02z_tm_drv.o(i.TM_GenerateCF0B_SW), (20 bytes).
    Removing mg32x02z_tm_drv.o(i.TM_GenerateCF1A_SW), (20 bytes).
    Removing mg32x02z_tm_drv.o(i.TM_GenerateCF1B_SW), (20 bytes).
    Removing mg32x02z_tm_drv.o(i.TM_GenerateCF2A_SW), (20 bytes).
    Removing mg32x02z_tm_drv.o(i.TM_GenerateCF2B_SW), (20 bytes).
    Removing mg32x02z_tm_drv.o(i.TM_GenerateCF3A_SW), (20 bytes).
    Removing mg32x02z_tm_drv.o(i.TM_GenerateCF3B_SW), (20 bytes).
    Removing mg32x02z_tm_drv.o(i.TM_GetAllFlagStatus), (6 bytes).
    Removing mg32x02z_tm_drv.o(i.TM_GetCC0A), (8 bytes).
    Removing mg32x02z_tm_drv.o(i.TM_GetCC0B), (8 bytes).
    Removing mg32x02z_tm_drv.o(i.TM_GetCC1A), (8 bytes).
    Removing mg32x02z_tm_drv.o(i.TM_GetCC1B), (8 bytes).
    Removing mg32x02z_tm_drv.o(i.TM_GetCC2A), (8 bytes).
    Removing mg32x02z_tm_drv.o(i.TM_GetCC2B), (8 bytes).
    Removing mg32x02z_tm_drv.o(i.TM_GetCC3A), (8 bytes).
    Removing mg32x02z_tm_drv.o(i.TM_GetCC3B), (8 bytes).
    Removing mg32x02z_tm_drv.o(i.TM_GetCounter), (6 bytes).
    Removing mg32x02z_tm_drv.o(i.TM_GetIC0Value), (24 bytes).
    Removing mg32x02z_tm_drv.o(i.TM_GetIC1Value), (24 bytes).
    Removing mg32x02z_tm_drv.o(i.TM_GetIC2Value), (24 bytes).
    Removing mg32x02z_tm_drv.o(i.TM_GetIC3Value), (24 bytes).
    Removing mg32x02z_tm_drv.o(i.TM_GetPrescaler), (6 bytes).
    Removing mg32x02z_tm_drv.o(i.TM_GetSingleFlagStatus), (18 bytes).
    Removing mg32x02z_tm_drv.o(i.TM_IC0OverWritten_Cmd), (16 bytes).
    Removing mg32x02z_tm_drv.o(i.TM_IC1OverWritten_Cmd), (20 bytes).
    Removing mg32x02z_tm_drv.o(i.TM_IC2OverWritten_Cmd), (20 bytes).
    Removing mg32x02z_tm_drv.o(i.TM_IC3OverWritten_Cmd), (20 bytes).
    Removing mg32x02z_tm_drv.o(i.TM_IN0Source_Select), (20 bytes).
    Removing mg32x02z_tm_drv.o(i.TM_IN0TriggerEvent_Select), (20 bytes).
    Removing mg32x02z_tm_drv.o(i.TM_IN1Source_Select), (24 bytes).
    Removing mg32x02z_tm_drv.o(i.TM_IN1TriggerEvent_Select), (24 bytes).
    Removing mg32x02z_tm_drv.o(i.TM_IN2Source_Select), (20 bytes).
    Removing mg32x02z_tm_drv.o(i.TM_IN2TriggerEvent_Select), (24 bytes).
    Removing mg32x02z_tm_drv.o(i.TM_IN3Source_Select), (24 bytes).
    Removing mg32x02z_tm_drv.o(i.TM_IN3TriggerEvent_Select), (24 bytes).
    Removing mg32x02z_tm_drv.o(i.TM_ITEA_Cmd), (16 bytes).
    Removing mg32x02z_tm_drv.o(i.TM_ITRx_Select), (16 bytes).
    Removing mg32x02z_tm_drv.o(i.TM_IT_Config), (20 bytes).
    Removing mg32x02z_tm_drv.o(i.TM_InternalBreakEvent_Config), (30 bytes).
    Removing mg32x02z_tm_drv.o(i.TM_InternalClockSource_Select), (16 bytes).
    Removing mg32x02z_tm_drv.o(i.TM_InverseExtTRGI_Cmd), (20 bytes).
    Removing mg32x02z_tm_drv.o(i.TM_InverseOC0H_Cmd), (24 bytes).
    Removing mg32x02z_tm_drv.o(i.TM_InverseOC0N_Cmd), (20 bytes).
    Removing mg32x02z_tm_drv.o(i.TM_InverseOC0z_Cmd), (20 bytes).
    Removing mg32x02z_tm_drv.o(i.TM_InverseOC1H_Cmd), (24 bytes).
    Removing mg32x02z_tm_drv.o(i.TM_InverseOC1N_Cmd), (24 bytes).
    Removing mg32x02z_tm_drv.o(i.TM_InverseOC1z_Cmd), (24 bytes).
    Removing mg32x02z_tm_drv.o(i.TM_InverseOC2H_Cmd), (22 bytes).
    Removing mg32x02z_tm_drv.o(i.TM_InverseOC2N_Cmd), (24 bytes).
    Removing mg32x02z_tm_drv.o(i.TM_InverseOC2_Cmd), (24 bytes).
    Removing mg32x02z_tm_drv.o(i.TM_InverseOC3H_Cmd), (24 bytes).
    Removing mg32x02z_tm_drv.o(i.TM_InverseOC3_Cmd), (24 bytes).
    Removing mg32x02z_tm_drv.o(i.TM_InverseQEIDirection), (20 bytes).
    Removing mg32x02z_tm_drv.o(i.TM_InverseTRGO_Cmd), (20 bytes).
    Removing mg32x02z_tm_drv.o(i.TM_OC00Output_Cmd), (20 bytes).
    Removing mg32x02z_tm_drv.o(i.TM_OC01Output_Cmd), (24 bytes).
    Removing mg32x02z_tm_drv.o(i.TM_OC02Output_Cmd), (24 bytes).
    Removing mg32x02z_tm_drv.o(i.TM_OC0BreakControl_Select), (24 bytes).
    Removing mg32x02z_tm_drv.o(i.TM_OC0HOutputState_Init), (30 bytes).
    Removing mg32x02z_tm_drv.o(i.TM_OC0NBreakStopState_Init), (24 bytes).
    Removing mg32x02z_tm_drv.o(i.TM_OC0NOutput_Cmd), (20 bytes).
    Removing mg32x02z_tm_drv.o(i.TM_OC0zBreakStopState_Init), (20 bytes).
    Removing mg32x02z_tm_drv.o(i.TM_OC0zOutputState_Init), (30 bytes).
    Removing mg32x02z_tm_drv.o(i.TM_OC0zOutput_Cmd), (62 bytes).
    Removing mg32x02z_tm_drv.o(i.TM_OC10Output_Cmd), (24 bytes).
    Removing mg32x02z_tm_drv.o(i.TM_OC11Output_Cmd), (24 bytes).
    Removing mg32x02z_tm_drv.o(i.TM_OC12Output_Cmd), (24 bytes).
    Removing mg32x02z_tm_drv.o(i.TM_OC1BreakControl_Select), (24 bytes).
    Removing mg32x02z_tm_drv.o(i.TM_OC1HOutputState_Init), (36 bytes).
    Removing mg32x02z_tm_drv.o(i.TM_OC1NBreakStopState_Init), (24 bytes).
    Removing mg32x02z_tm_drv.o(i.TM_OC1NOutput_Cmd), (24 bytes).
    Removing mg32x02z_tm_drv.o(i.TM_OC1zBreakStopState_Init), (24 bytes).
    Removing mg32x02z_tm_drv.o(i.TM_OC1zOutputState_Init), (36 bytes).
    Removing mg32x02z_tm_drv.o(i.TM_OC1zOutput_Cmd), (64 bytes).
    Removing mg32x02z_tm_drv.o(i.TM_OC2BreakControl_Select), (24 bytes).
    Removing mg32x02z_tm_drv.o(i.TM_OC2BreakStopState_Init), (24 bytes).
    Removing mg32x02z_tm_drv.o(i.TM_OC2HOutputState_Init), (36 bytes).
    Removing mg32x02z_tm_drv.o(i.TM_OC2NBreakStopState_Init), (24 bytes).
    Removing mg32x02z_tm_drv.o(i.TM_OC2NOutput_Cmd), (20 bytes).
    Removing mg32x02z_tm_drv.o(i.TM_OC2OutputState_Init), (36 bytes).
    Removing mg32x02z_tm_drv.o(i.TM_OC2Output_Cmd), (20 bytes).
    Removing mg32x02z_tm_drv.o(i.TM_OC3BreakControl_Select), (24 bytes).
    Removing mg32x02z_tm_drv.o(i.TM_OC3BreakStopState_Init), (24 bytes).
    Removing mg32x02z_tm_drv.o(i.TM_OC3HOutputState_Init), (36 bytes).
    Removing mg32x02z_tm_drv.o(i.TM_OC3OutputState_Init), (36 bytes).
    Removing mg32x02z_tm_drv.o(i.TM_OC3Output_Cmd), (24 bytes).
    Removing mg32x02z_tm_drv.o(i.TM_PreloadActive_SW), (24 bytes).
    Removing mg32x02z_tm_drv.o(i.TM_PreloadEventSource_Config), (30 bytes).
    Removing mg32x02z_tm_drv.o(i.TM_PreloadOC0z_Config), (22 bytes).
    Removing mg32x02z_tm_drv.o(i.TM_PreloadOC1z_Config), (22 bytes).
    Removing mg32x02z_tm_drv.o(i.TM_PrescalerClock_Select), (20 bytes).
    Removing mg32x02z_tm_drv.o(i.TM_Prescaler_Cmd), (24 bytes).
    Removing mg32x02z_tm_drv.o(i.TM_Prescaler_Config), (6 bytes).
    Removing mg32x02z_tm_drv.o(i.TM_Prescaler_SW), (22 bytes).
    Removing mg32x02z_tm_drv.o(i.TM_QEIResetIDX_Select), (20 bytes).
    Removing mg32x02z_tm_drv.o(i.TM_QEIReset_Cmd), (20 bytes).
    Removing mg32x02z_tm_drv.o(i.TM_QEI_Select), (16 bytes).
    Removing mg32x02z_tm_drv.o(i.TM_ReloadFromCCxB_Cmd), (20 bytes).
    Removing mg32x02z_tm_drv.o(i.TM_ResetCounter_SW), (20 bytes).
    Removing mg32x02z_tm_drv.o(i.TM_ResetPrescaler_SW), (20 bytes).
    Removing mg32x02z_tm_drv.o(i.TM_RisingCaptureIC0_SW), (16 bytes).
    Removing mg32x02z_tm_drv.o(i.TM_RisingCaptureIC1_SW), (20 bytes).
    Removing mg32x02z_tm_drv.o(i.TM_RisingCaptureIC2_SW), (20 bytes).
    Removing mg32x02z_tm_drv.o(i.TM_RisingCaptureIC3_SW), (20 bytes).
    Removing mg32x02z_tm_drv.o(i.TM_SetCC0A), (6 bytes).
    Removing mg32x02z_tm_drv.o(i.TM_SetCC0B), (6 bytes).
    Removing mg32x02z_tm_drv.o(i.TM_SetCC1A), (6 bytes).
    Removing mg32x02z_tm_drv.o(i.TM_SetCC1B), (6 bytes).
    Removing mg32x02z_tm_drv.o(i.TM_SetCC2A), (6 bytes).
    Removing mg32x02z_tm_drv.o(i.TM_SetCC2B), (6 bytes).
    Removing mg32x02z_tm_drv.o(i.TM_SetCC3A), (6 bytes).
    Removing mg32x02z_tm_drv.o(i.TM_SetCC3B), (6 bytes).
    Removing mg32x02z_tm_drv.o(i.TM_SetCounterDirection), (52 bytes).
    Removing mg32x02z_tm_drv.o(i.TM_SetDeadTime), (14 bytes).
    Removing mg32x02z_tm_drv.o(i.TM_SetDeadZoneClockDivider), (16 bytes).
    Removing mg32x02z_tm_drv.o(i.TM_SetInternalClockDivider), (20 bytes).
    Removing mg32x02z_tm_drv.o(i.TM_SetPrescalerDirection), (56 bytes).
    Removing mg32x02z_tm_drv.o(i.TM_TRGICounter_Select), (16 bytes).
    Removing mg32x02z_tm_drv.o(i.TM_TRGIPrescaler_Select), (20 bytes).
    Removing mg32x02z_tm_drv.o(i.TM_TRGOOut_SW), (16 bytes).
    Removing mg32x02z_tm_drv.o(i.TM_TRGO_Select), (20 bytes).
    Removing mg32x02z_tm_drv.o(i.TM_TimeBaseStruct_Init), (26 bytes).
    Removing mg32x02z_tm_drv.o(i.TM_TimeBase_Init), (112 bytes).
    Removing mg32x02z_tm_drv.o(i.TM_TimerMode_Select), (20 bytes).
    Removing mg32x02z_tm_drv.o(i.TM_Timer_Cmd), (24 bytes).
    Removing mg32x02z_tm_drv.o(i.TM_TriggerSource_Select), (20 bytes).
    Removing mg32x02z_tm_drv.o(i.TM_UEV_Cmd), (24 bytes).
    Removing mg32x02z_tm_drv.o(i.TM_UEV_Config), (20 bytes).
    Removing mg32x02z_urt_drv.o(.rev16_text), (4 bytes).
    Removing mg32x02z_urt_drv.o(.revsh_text), (4 bytes).
    Removing mg32x02z_urt_drv.o(i.URT_AutoCalibration_Cmd), (14 bytes).
    Removing mg32x02z_urt_drv.o(i.URT_AutoEnterMuteMode_Select), (6 bytes).
    Removing mg32x02z_urt_drv.o(i.URT_AutoExitMuteMode_Select), (6 bytes).
    Removing mg32x02z_urt_drv.o(i.URT_BaudRateGeneratorClock_Select), (12 bytes).
    Removing mg32x02z_urt_drv.o(i.URT_BaudRateGeneratorMode_Select), (14 bytes).
    Removing mg32x02z_urt_drv.o(i.URT_BaudRateGenerator_Cmd), (16 bytes).
    Removing mg32x02z_urt_drv.o(i.URT_BaudRateGenerator_Config), (36 bytes).
    Removing mg32x02z_urt_drv.o(i.URT_BreakDisableDMA_Cmd), (16 bytes).
    Removing mg32x02z_urt_drv.o(i.URT_BreakTimeoutDetect_Config), (50 bytes).
    Removing mg32x02z_urt_drv.o(i.URT_CLKSignalSource_Select), (12 bytes).
    Removing mg32x02z_urt_drv.o(i.URT_CLKSignal_Cmd), (14 bytes).
    Removing mg32x02z_urt_drv.o(i.URT_CPHAMode_Select), (12 bytes).
    Removing mg32x02z_urt_drv.o(i.URT_CPOLMode_Select), (12 bytes).
    Removing mg32x02z_urt_drv.o(i.URT_CTSInverse_Cmd), (14 bytes).
    Removing mg32x02z_urt_drv.o(i.URT_CTS_Cmd), (12 bytes).
    Removing mg32x02z_urt_drv.o(i.URT_CalibrationCompleteDataHold_Cmd), (14 bytes).
    Removing mg32x02z_urt_drv.o(i.URT_CalibrationMode_Select), (12 bytes).
    Removing mg32x02z_urt_drv.o(i.URT_CalibrationTimeoutDetect_Config), (48 bytes).
    Removing mg32x02z_urt_drv.o(i.URT_Calibration_SW), (12 bytes).
    Removing mg32x02z_urt_drv.o(i.URT_ClearITFlag), (10 bytes).
    Removing mg32x02z_urt_drv.o(i.URT_ClearRXData), (10 bytes).
    Removing mg32x02z_urt_drv.o(i.URT_ClearRxHoldFlag), (6 bytes).
    Removing mg32x02z_urt_drv.o(i.URT_ClearTXData), (10 bytes).
    Removing mg32x02z_urt_drv.o(i.URT_Cmd), (12 bytes).
    Removing mg32x02z_urt_drv.o(i.URT_CtrlBROSignalStatus_SW), (20 bytes).
    Removing mg32x02z_urt_drv.o(i.URT_CtrlCLKSignalStatus_SW), (20 bytes).
    Removing mg32x02z_urt_drv.o(i.URT_CtrlNSS_SW), (16 bytes).
    Removing mg32x02z_urt_drv.o(i.URT_CtrlRTS_SW), (14 bytes).
    Removing mg32x02z_urt_drv.o(i.URT_CtrlTMOSignalStatus_SW), (20 bytes).
    Removing mg32x02z_urt_drv.o(i.URT_DEGuardTime_Select), (14 bytes).
    Removing mg32x02z_urt_drv.o(i.URT_DEInverse_Cmd), (16 bytes).
    Removing mg32x02z_urt_drv.o(i.URT_DE_Cmd), (16 bytes).
    Removing mg32x02z_urt_drv.o(i.URT_DataCharacter_Config), (64 bytes).
    Removing mg32x02z_urt_drv.o(i.URT_DataLine_Select), (12 bytes).
    Removing mg32x02z_urt_drv.o(i.URT_ExtraBreakBit_Select), (12 bytes).
    Removing mg32x02z_urt_drv.o(i.URT_GetBaudRateGeneratorCount), (8 bytes).
    Removing mg32x02z_urt_drv.o(i.URT_GetBaudRateGeneratorCountReload), (8 bytes).
    Removing mg32x02z_urt_drv.o(i.URT_GetBaudRateGeneratorPre), (8 bytes).
    Removing mg32x02z_urt_drv.o(i.URT_GetBaudRateGeneratorPreReload), (8 bytes).
    Removing mg32x02z_urt_drv.o(i.URT_GetBreakBusyFlag), (18 bytes).
    Removing mg32x02z_urt_drv.o(i.URT_GetCTSLineStatus), (20 bytes).
    Removing mg32x02z_urt_drv.o(i.URT_GetCaptureData), (8 bytes).
    Removing mg32x02z_urt_drv.o(i.URT_GetCaptureStatusBit), (16 bytes).
    Removing mg32x02z_urt_drv.o(i.URT_GetITAllFlagStatus), (14 bytes).
    Removing mg32x02z_urt_drv.o(i.URT_GetITSingleFlagStatus), (32 bytes).
    Removing mg32x02z_urt_drv.o(i.URT_GetITStatus), (6 bytes).
    Removing mg32x02z_urt_drv.o(i.URT_GetIrDaBusyFlag), (18 bytes).
    Removing mg32x02z_urt_drv.o(i.URT_GetRXData), (6 bytes).
    Removing mg32x02z_urt_drv.o(i.URT_GetRXDataRegLevel), (12 bytes).
    Removing mg32x02z_urt_drv.o(i.URT_GetRXShadowBufferLevel), (10 bytes).
    Removing mg32x02z_urt_drv.o(i.URT_GetRXShiftBufferData), (8 bytes).
    Removing mg32x02z_urt_drv.o(i.URT_GetRXShiftBufferStatusBit), (16 bytes).
    Removing mg32x02z_urt_drv.o(i.URT_GetRxBusyFlag), (18 bytes).
    Removing mg32x02z_urt_drv.o(i.URT_GetRxDifferentFlag), (18 bytes).
    Removing mg32x02z_urt_drv.o(i.URT_GetRxHoldFlag), (18 bytes).
    Removing mg32x02z_urt_drv.o(i.URT_GetRxNoiseFlag), (18 bytes).
    Removing mg32x02z_urt_drv.o(i.URT_GetTXDataRegLevel), (12 bytes).
    Removing mg32x02z_urt_drv.o(i.URT_GetTXShadowBufferLevel), (10 bytes).
    Removing mg32x02z_urt_drv.o(i.URT_GetTXShiftBufferData), (8 bytes).
    Removing mg32x02z_urt_drv.o(i.URT_GetTimeoutTimerCounter), (8 bytes).
    Removing mg32x02z_urt_drv.o(i.URT_GetTimeoutTimerReload), (8 bytes).
    Removing mg32x02z_urt_drv.o(i.URT_GlobalAddress_Cmd), (14 bytes).
    Removing mg32x02z_urt_drv.o(i.URT_HalfDuplexMode_Cmd), (14 bytes).
    Removing mg32x02z_urt_drv.o(i.URT_ITEA_Cmd), (12 bytes).
    Removing mg32x02z_urt_drv.o(i.URT_IT_Config), (16 bytes).
    Removing mg32x02z_urt_drv.o(i.URT_IdleDetect_Select), (4 bytes).
    Removing mg32x02z_urt_drv.o(i.URT_IdleTimeoutDetect_Config), (32 bytes).
    Removing mg32x02z_urt_drv.o(i.URT_IdlehandleMode_Select), (14 bytes).
    Removing mg32x02z_urt_drv.o(i.URT_IrDA_Cmd), (12 bytes).
    Removing mg32x02z_urt_drv.o(i.URT_IrDA_Config), (18 bytes).
    Removing mg32x02z_urt_drv.o(i.URT_LoopBackMode_Cmd), (16 bytes).
    Removing mg32x02z_urt_drv.o(i.URT_Mode_Select), (38 bytes).
    Removing mg32x02z_urt_drv.o(i.URT_Mute_Cmd), (12 bytes).
    Removing mg32x02z_urt_drv.o(i.URT_NoiseDataSkip_Cmd), (16 bytes).
    Removing mg32x02z_urt_drv.o(i.URT_NssInverse_Cmd), (16 bytes).
    Removing mg32x02z_urt_drv.o(i.URT_NssSW_Cmd), (16 bytes).
    Removing mg32x02z_urt_drv.o(i.URT_RTSInverse_Cmd), (14 bytes).
    Removing mg32x02z_urt_drv.o(i.URT_RTS_Cmd), (14 bytes).
    Removing mg32x02z_urt_drv.o(i.URT_RXClockSource_Select), (14 bytes).
    Removing mg32x02z_urt_drv.o(i.URT_RXDMA_Cmd), (76 bytes).
    Removing mg32x02z_urt_drv.o(i.URT_RXInverse_Cmd), (16 bytes).
    Removing mg32x02z_urt_drv.o(i.URT_RXOverSamplingMode_Select), (12 bytes).
    Removing mg32x02z_urt_drv.o(i.URT_RXOverSamplingSampleNumber_Select), (16 bytes).
    Removing mg32x02z_urt_drv.o(i.URT_RXParityError_Config), (28 bytes).
    Removing mg32x02z_urt_drv.o(i.URT_RXShadowBufferThreshold_Select), (14 bytes).
    Removing mg32x02z_urt_drv.o(i.URT_RXTimeoutDetect_Config), (32 bytes).
    Removing mg32x02z_urt_drv.o(i.URT_RX_Cmd), (14 bytes).
    Removing mg32x02z_urt_drv.o(i.URT_RxTxSwap_Cmd), (16 bytes).
    Removing mg32x02z_urt_drv.o(i.URT_SendAddress), (14 bytes).
    Removing mg32x02z_urt_drv.o(i.URT_SendBreak), (16 bytes).
    Removing mg32x02z_urt_drv.o(i.URT_SetSlaveAddress), (6 bytes).
    Removing mg32x02z_urt_drv.o(i.URT_SetSlaveAddressMask), (6 bytes).
    Removing mg32x02z_urt_drv.o(i.URT_SetTXData), (50 bytes).
    Removing mg32x02z_urt_drv.o(i.URT_SetTimeoutTimerCompare), (6 bytes).
    Removing mg32x02z_urt_drv.o(i.URT_SetTimeoutTimerCounter), (6 bytes).
    Removing mg32x02z_urt_drv.o(i.URT_TXClockSource_Select), (14 bytes).
    Removing mg32x02z_urt_drv.o(i.URT_TXDMA_Cmd), (72 bytes).
    Removing mg32x02z_urt_drv.o(i.URT_TXErrorDetectMode_Select), (12 bytes).
    Removing mg32x02z_urt_drv.o(i.URT_TXErrorResendTime_Select), (14 bytes).
    Removing mg32x02z_urt_drv.o(i.URT_TXGuardTime_Select), (4 bytes).
    Removing mg32x02z_urt_drv.o(i.URT_TXHalt_Cmd), (14 bytes).
    Removing mg32x02z_urt_drv.o(i.URT_TXInverse_Cmd), (16 bytes).
    Removing mg32x02z_urt_drv.o(i.URT_TXOverSamplingSampleNumber_Select), (16 bytes).
    Removing mg32x02z_urt_drv.o(i.URT_TX_Cmd), (14 bytes).
    Removing mg32x02z_urt_drv.o(i.URT_TimeoutMode_Select), (12 bytes).
    Removing mg32x02z_urt_drv.o(i.URT_TimeoutTimerClockSource_Select), (14 bytes).
    Removing mg32x02z_urt_drv.o(i.URT_TimeroutTimer_Cmd), (12 bytes).
    Removing mg32x02z_urt_drv.o(i.URT_TriggerTimeoutTimerRst_SW), (10 bytes).
    Removing mg32x02z_wwdt_drv.o(.rev16_text), (4 bytes).
    Removing mg32x02z_wwdt_drv.o(.revsh_text), (4 bytes).
    Removing mg32x02z_wwdt_drv.o(i.WWDT_CLK_Select), (28 bytes).
    Removing mg32x02z_wwdt_drv.o(i.WWDT_ClearFlag), (12 bytes).
    Removing mg32x02z_wwdt_drv.o(i.WWDT_Cmd), (40 bytes).
    Removing mg32x02z_wwdt_drv.o(i.WWDT_DIV_Select), (28 bytes).
    Removing mg32x02z_wwdt_drv.o(i.WWDT_GetAllFlagStatus), (12 bytes).
    Removing mg32x02z_wwdt_drv.o(i.WWDT_GetCounter), (12 bytes).
    Removing mg32x02z_wwdt_drv.o(i.WWDT_GetReloadReg), (12 bytes).
    Removing mg32x02z_wwdt_drv.o(i.WWDT_GetSingleFlagStatus), (28 bytes).
    Removing mg32x02z_wwdt_drv.o(i.WWDT_GetWarningThreshold), (12 bytes).
    Removing mg32x02z_wwdt_drv.o(i.WWDT_GetWindowThreshold), (12 bytes).
    Removing mg32x02z_wwdt_drv.o(i.WWDT_IT_Config), (36 bytes).
    Removing mg32x02z_wwdt_drv.o(i.WWDT_PDIV_Select), (24 bytes).
    Removing mg32x02z_wwdt_drv.o(i.WWDT_RefreshCounter), (16 bytes).
    Removing mg32x02z_wwdt_drv.o(i.WWDT_RstEvent_Config), (36 bytes).
    Removing mg32x02z_wwdt_drv.o(i.WWDT_SetReloadReg), (12 bytes).
    Removing mg32x02z_wwdt_drv.o(i.WWDT_SetWarningThreshold), (12 bytes).
    Removing mg32x02z_wwdt_drv.o(i.WWDT_SetWindowThreshold), (12 bytes).
    Removing mg32x02z__common_drv.o(.rev16_text), (4 bytes).
    Removing mg32x02z__common_drv.o(.revsh_text), (4 bytes).
    Removing mg32x02z__common_drv.o(i.Delay), (32 bytes).
    Removing mg32x02z__common_drv.o(i.GetTick), (12 bytes).
    Removing mg32x02z__common_drv.o(i.IncTick), (16 bytes).
    Removing mg32x02z__common_drv.o(i.InitTick), (76 bytes).
    Removing mg32x02z__common_drv.o(i.LockModuleReg), (24 bytes).
    Removing mg32x02z__common_drv.o(i.ProtectModuleReg), (20 bytes).
    Removing mg32x02z__common_drv.o(i.ResumeTick), (20 bytes).
    Removing mg32x02z__common_drv.o(i.SuspendTick), (20 bytes).
    Removing mg32x02z__common_drv.o(i.UnProtectModuleReg), (24 bytes).
    Removing mg32x02z__common_drv.o(i.__NVIC_SetPriority), (120 bytes).
    Removing mg32x02z__common_drv.o(.data), (4 bytes).
    Removing mg32x02z_adc_mid.o(.rev16_text), (4 bytes).
    Removing mg32x02z_adc_mid.o(.revsh_text), (4 bytes).
    Removing mg32x02z_adc_mid.o(i.ADC_ConversionStop), (48 bytes).
    Removing mg32x02z_adc_mid.o(i.ADC_DMAConvCplt), (30 bytes).
    Removing mg32x02z_adc_mid.o(i.ADC_DMAError), (22 bytes).
    Removing mg32x02z_adc_mid.o(i.ADC_DMAHalfConvCplt), (14 bytes).
    Removing mg32x02z_adc_mid.o(i.ADC_Disable), (18 bytes).
    Removing mg32x02z_adc_mid.o(i.ADC_Enable), (46 bytes).
    Removing mg32x02z_adc_mid.o(i.MID_ADC_AccumulateConfig), (164 bytes).
    Removing mg32x02z_adc_mid.o(i.MID_ADC_AnalogWDGConfig), (204 bytes).
    Removing mg32x02z_adc_mid.o(i.MID_ADC_Calibration_Start), (652 bytes).
    Removing mg32x02z_adc_mid.o(i.MID_ADC_ConfigChannel), (132 bytes).
    Removing mg32x02z_adc_mid.o(i.MID_ADC_ConvCpltCallback), (2 bytes).
    Removing mg32x02z_adc_mid.o(i.MID_ADC_ConvHalfCpltCallback), (2 bytes).
    Removing mg32x02z_adc_mid.o(i.MID_ADC_DeInit), (68 bytes).
    Removing mg32x02z_adc_mid.o(i.MID_ADC_ErrorCallback), (2 bytes).
    Removing mg32x02z_adc_mid.o(i.MID_ADC_GetError), (6 bytes).
    Removing mg32x02z_adc_mid.o(i.MID_ADC_GetSUM0Value), (8 bytes).
    Removing mg32x02z_adc_mid.o(i.MID_ADC_GetSUM1Value), (8 bytes).
    Removing mg32x02z_adc_mid.o(i.MID_ADC_GetSUM2Value), (8 bytes).
    Removing mg32x02z_adc_mid.o(i.MID_ADC_GetState), (6 bytes).
    Removing mg32x02z_adc_mid.o(i.MID_ADC_GetValue), (10 bytes).
    Removing mg32x02z_adc_mid.o(i.MID_ADC_IRQHandler), (290 bytes).
    Removing mg32x02z_adc_mid.o(i.MID_ADC_Init), (224 bytes).
    Removing mg32x02z_adc_mid.o(i.MID_ADC_LevelOutOfWindowCallback), (2 bytes).
    Removing mg32x02z_adc_mid.o(i.MID_ADC_MspDeInit), (2 bytes).
    Removing mg32x02z_adc_mid.o(i.MID_ADC_MspInit), (2 bytes).
    Removing mg32x02z_adc_mid.o(i.MID_ADC_PGACalibration_Start), (222 bytes).
    Removing mg32x02z_adc_mid.o(i.MID_ADC_PollForConversion), (500 bytes).
    Removing mg32x02z_adc_mid.o(i.MID_ADC_PollForEvent), (126 bytes).
    Removing mg32x02z_adc_mid.o(i.MID_ADC_Start), (24 bytes).
    Removing mg32x02z_adc_mid.o(i.MID_ADC_Start_DMA), (156 bytes).
    Removing mg32x02z_adc_mid.o(i.MID_ADC_Start_IT), (286 bytes).
    Removing mg32x02z_adc_mid.o(i.MID_ADC_Stop), (18 bytes).
    Removing mg32x02z_adc_mid.o(i.MID_ADC_Stop_DMA), (86 bytes).
    Removing mg32x02z_adc_mid.o(i.MID_ADC_Stop_IT), (68 bytes).
    Removing mg32x02z_adc_mid.o(i.MID_ADC_SumCallback), (2 bytes).
    Removing mg32x02z_adc_mid.o(i.MID_ADC_VRMCalibration_Start), (388 bytes).
    Removing mg32x02z_apb_mid.o(.rev16_text), (4 bytes).
    Removing mg32x02z_apb_mid.o(.revsh_text), (4 bytes).
    Removing mg32x02z_apb_mid.o(i.MID_APB_UpdateSwitchState), (84 bytes).
    Removing mg32x02z_apb_mid.o(i.MID_OBMx_DeInit), (68 bytes).
    Removing mg32x02z_apb_mid.o(i.MID_OBMx_GetOutputLevel), (44 bytes).
    Removing mg32x02z_apb_mid.o(i.MID_OBMx_GetState), (14 bytes).
    Removing mg32x02z_apb_mid.o(i.MID_OBMx_GetSwitchState), (40 bytes).
    Removing mg32x02z_apb_mid.o(i.MID_OBMx_IRQHandler), (34 bytes).
    Removing mg32x02z_apb_mid.o(i.MID_OBMx_Init), (98 bytes).
    Removing mg32x02z_apb_mid.o(i.MID_OBMx_MspDeInit), (2 bytes).
    Removing mg32x02z_apb_mid.o(i.MID_OBMx_MspInit), (2 bytes).
    Removing mg32x02z_apb_mid.o(i.MID_OBMx_Start), (16 bytes).
    Removing mg32x02z_apb_mid.o(i.MID_OBMx_Start_IT), (100 bytes).
    Removing mg32x02z_apb_mid.o(i.MID_OBMx_Stop), (14 bytes).
    Removing mg32x02z_apb_mid.o(i.MID_OBMx_Stop_IT), (112 bytes).
    Removing mg32x02z_apb_mid.o(i.MID_OBMx_TriggerCallbackOBM0), (2 bytes).
    Removing mg32x02z_apb_mid.o(i.MID_OBMx_TriggerCallbackOBM1), (2 bytes).
    Removing mg32x02z_cmp_mid.o(.rev16_text), (4 bytes).
    Removing mg32x02z_cmp_mid.o(.revsh_text), (4 bytes).
    Removing mg32x02z_cmp_mid.o(i.MID_CMP_DeInit), (76 bytes).
    Removing mg32x02z_cmp_mid.o(i.MID_CMP_GetOutputLevel), (116 bytes).
    Removing mg32x02z_cmp_mid.o(i.MID_CMP_GetState), (12 bytes).
    Removing mg32x02z_cmp_mid.o(i.MID_CMP_IRQHandler), (188 bytes).
    Removing mg32x02z_cmp_mid.o(i.MID_CMP_Init), (192 bytes).
    Removing mg32x02z_cmp_mid.o(i.MID_CMP_MspDeInit), (2 bytes).
    Removing mg32x02z_cmp_mid.o(i.MID_CMP_MspInit), (2 bytes).
    Removing mg32x02z_cmp_mid.o(i.MID_CMP_Start), (66 bytes).
    Removing mg32x02z_cmp_mid.o(i.MID_CMP_Start_IT), (208 bytes).
    Removing mg32x02z_cmp_mid.o(i.MID_CMP_Stop), (148 bytes).
    Removing mg32x02z_cmp_mid.o(i.MID_CMP_Stop_IT), (204 bytes).
    Removing mg32x02z_cmp_mid.o(i.MID_CMP_TriggerCallbackAC0), (2 bytes).
    Removing mg32x02z_cmp_mid.o(i.MID_CMP_TriggerCallbackAC1), (2 bytes).
    Removing mg32x02z_cmp_mid.o(i.MID_CMP_TriggerCallbackAC2), (2 bytes).
    Removing mg32x02z_cmp_mid.o(i.MID_CMP_TriggerCallbackAC3), (2 bytes).
    Removing mg32x02z_csc_mid.o(.rev16_text), (4 bytes).
    Removing mg32x02z_csc_mid.o(.revsh_text), (4 bytes).
    Removing mg32x02z_csc_mid.o(i.MID_CSC_DeInit), (244 bytes).
    Removing mg32x02z_csc_mid.o(i.MID_CSC_DisableMCD), (20 bytes).
    Removing mg32x02z_csc_mid.o(i.MID_CSC_EnableMCD), (24 bytes).
    Removing mg32x02z_csc_mid.o(i.MID_CSC_GetCK_AHBFreq), (28 bytes).
    Removing mg32x02z_csc_mid.o(i.MID_CSC_GetCK_APBFreq), (28 bytes).
    Removing mg32x02z_csc_mid.o(i.MID_CSC_GetCK_HSFreq), (132 bytes).
    Removing mg32x02z_csc_mid.o(i.MID_CSC_GetCK_IHRCOFreq), (48 bytes).
    Removing mg32x02z_csc_mid.o(i.MID_CSC_GetCK_LSFreq), (76 bytes).
    Removing mg32x02z_csc_mid.o(i.MID_CSC_GetCK_MAINFreq), (140 bytes).
    Removing mg32x02z_csc_mid.o(i.MID_CSC_GetCK_PLLOFreq), (188 bytes).
    Removing mg32x02z_csc_mid.o(i.MID_CSC_GetCK_PRFreq), (744 bytes).
    Removing mg32x02z_csc_mid.o(i.MID_CSC_GetCK_UTFreq), (96 bytes).
    Removing mg32x02z_csc_mid.o(i.MID_CSC_ICKOConfig), (44 bytes).
    Removing mg32x02z_csc_mid.o(i.MID_CSC_IHRCOCallback), (2 bytes).
    Removing mg32x02z_csc_mid.o(i.MID_CSC_ILRCOCallback), (2 bytes).
    Removing mg32x02z_csc_mid.o(i.MID_CSC_IRQHandler), (160 bytes).
    Removing mg32x02z_csc_mid.o(i.MID_CSC_MCDCallback), (2 bytes).
    Removing mg32x02z_csc_mid.o(i.MID_CSC_PLLCallback), (2 bytes).
    Removing mg32x02z_csc_mid.o(i.MID_CSC_XOSCCallback), (2 bytes).
    Removing mg32x02z_csc_mid.o(.constdata), (80 bytes).
    Removing mg32x02z_common_mid.o(.rev16_text), (4 bytes).
    Removing mg32x02z_common_mid.o(.revsh_text), (4 bytes).
    Removing mg32x02z_common_mid.o(i.MID_ClearTick), (12 bytes).
    Removing mg32x02z_common_mid.o(i.MID_DeInit), (10 bytes).
    Removing mg32x02z_common_mid.o(i.MID_Delay), (32 bytes).
    Removing mg32x02z_common_mid.o(i.MID_GetTick), (12 bytes).
    Removing mg32x02z_common_mid.o(i.MID_Init), (16 bytes).
    Removing mg32x02z_common_mid.o(i.MID_InitTick), (38 bytes).
    Removing mg32x02z_common_mid.o(i.MID_MspDeInit), (2 bytes).
    Removing mg32x02z_common_mid.o(i.MID_MspInit), (2 bytes).
    Removing mg32x02z_common_mid.o(i.MID_ProtectModuleReg), (18 bytes).
    Removing mg32x02z_common_mid.o(i.MID_ResumeTick), (20 bytes).
    Removing mg32x02z_common_mid.o(i.MID_SuspendTick), (20 bytes).
    Removing mg32x02z_common_mid.o(i.MID_UnProtectModuleReg), (24 bytes).
    Removing mg32x02z_dac_mid.o(.rev16_text), (4 bytes).
    Removing mg32x02z_dac_mid.o(.revsh_text), (4 bytes).
    Removing mg32x02z_dac_mid.o(i.DAC_DMAConvCplt), (18 bytes).
    Removing mg32x02z_dac_mid.o(i.DAC_DMAError), (26 bytes).
    Removing mg32x02z_dac_mid.o(i.DAC_DMAHalfConvCplt), (14 bytes).
    Removing mg32x02z_dac_mid.o(i.MID_DAC_ConvCpltCallback), (2 bytes).
    Removing mg32x02z_dac_mid.o(i.MID_DAC_ConvHalfCpltCallback), (2 bytes).
    Removing mg32x02z_dac_mid.o(i.MID_DAC_DMAUnderrunCallback), (2 bytes).
    Removing mg32x02z_dac_mid.o(i.MID_DAC_DeInit), (54 bytes).
    Removing mg32x02z_dac_mid.o(i.MID_DAC_ErrorCallback), (2 bytes).
    Removing mg32x02z_dac_mid.o(i.MID_DAC_GetError), (6 bytes).
    Removing mg32x02z_dac_mid.o(i.MID_DAC_GetState), (6 bytes).
    Removing mg32x02z_dac_mid.o(i.MID_DAC_GetValue), (8 bytes).
    Removing mg32x02z_dac_mid.o(i.MID_DAC_IRQHandler), (122 bytes).
    Removing mg32x02z_dac_mid.o(i.MID_DAC_Init), (62 bytes).
    Removing mg32x02z_dac_mid.o(i.MID_DAC_MspDeInit), (2 bytes).
    Removing mg32x02z_dac_mid.o(i.MID_DAC_MspInit), (2 bytes).
    Removing mg32x02z_dac_mid.o(i.MID_DAC_ReadyCallback), (2 bytes).
    Removing mg32x02z_dac_mid.o(i.MID_DAC_SetValue), (66 bytes).
    Removing mg32x02z_dac_mid.o(i.MID_DAC_Start), (52 bytes).
    Removing mg32x02z_dac_mid.o(i.MID_DAC_Start_DMA), (152 bytes).
    Removing mg32x02z_dac_mid.o(i.MID_DAC_Start_IT), (56 bytes).
    Removing mg32x02z_dac_mid.o(i.MID_DAC_Stop), (52 bytes).
    Removing mg32x02z_dac_mid.o(i.MID_DAC_Stop_DMA), (80 bytes).
    Removing mg32x02z_dac_mid.o(i.MID_DAC_Stop_IT), (96 bytes).
    Removing mg32x02z_dma_mid.o(.rev16_text), (4 bytes).
    Removing mg32x02z_dma_mid.o(.revsh_text), (4 bytes).
    Removing mg32x02z_dma_mid.o(i.DMA_SetConfig), (84 bytes).
    Removing mg32x02z_dma_mid.o(i.MID_DMA_Abort), (56 bytes).
    Removing mg32x02z_dma_mid.o(i.MID_DMA_Abort_IT), (88 bytes).
    Removing mg32x02z_dma_mid.o(i.MID_DMA_DeInit), (56 bytes).
    Removing mg32x02z_dma_mid.o(i.MID_DMA_GetError), (6 bytes).
    Removing mg32x02z_dma_mid.o(i.MID_DMA_GetState), (6 bytes).
    Removing mg32x02z_dma_mid.o(i.MID_DMA_IRQHandler), (240 bytes).
    Removing mg32x02z_dma_mid.o(i.MID_DMA_Init), (188 bytes).
    Removing mg32x02z_dma_mid.o(i.MID_DMA_PollForTransfer), (238 bytes).
    Removing mg32x02z_dma_mid.o(i.MID_DMA_RegisterCallback), (84 bytes).
    Removing mg32x02z_dma_mid.o(i.MID_DMA_Start), (88 bytes).
    Removing mg32x02z_dma_mid.o(i.MID_DMA_Start_IT), (144 bytes).
    Removing mg32x02z_dma_mid.o(i.MID_DMA_UnRegisterCallback), (100 bytes).
    Removing mg32x02z_emb_mid.o(.rev16_text), (4 bytes).
    Removing mg32x02z_emb_mid.o(.revsh_text), (4 bytes).
    Removing mg32x02z_emb_mid.o(i.MID_EMB_DeInit), (50 bytes).
    Removing mg32x02z_emb_mid.o(i.MID_EMB_IRQHandler), (34 bytes).
    Removing mg32x02z_emb_mid.o(i.MID_EMB_Init), (170 bytes).
    Removing mg32x02z_emb_mid.o(i.MID_EMB_MspDeInit), (2 bytes).
    Removing mg32x02z_emb_mid.o(i.MID_EMB_MspInit), (2 bytes).
    Removing mg32x02z_emb_mid.o(i.MID_EMB_WriteOperation_Disable), (34 bytes).
    Removing mg32x02z_emb_mid.o(i.MID_EMB_WriteOperation_Enable), (18 bytes).
    Removing mg32x02z_emb_mid.o(i.MID_EMB_WriteProtectCallback), (2 bytes).
    Removing mg32x02z_emb_mid.o(.constdata), (80 bytes).
    Removing mg32x02z_exic_mid.o(.rev16_text), (4 bytes).
    Removing mg32x02z_exic_mid.o(.revsh_text), (4 bytes).
    Removing mg32x02z_exic_mid.o(i.MID_EXIC_AFCallback), (2 bytes).
    Removing mg32x02z_exic_mid.o(i.MID_EXIC_ClearITFlag), (16 bytes).
    Removing mg32x02z_exic_mid.o(i.MID_EXIC_DeInit), (128 bytes).
    Removing mg32x02z_exic_mid.o(i.MID_EXIC_IRQHandler), (50 bytes).
    Removing mg32x02z_exic_mid.o(i.MID_EXIC_MspDeInit), (2 bytes).
    Removing mg32x02z_exic_mid.o(i.MID_EXIC_MspInit), (2 bytes).
    Removing mg32x02z_exic_mid.o(i.MID_EXIC_OFCallback), (2 bytes).
    Removing mg32x02z_exic_mid.o(i.MID_EXIC_PxTriggerAndMask_Select), (8 bytes).
    Removing mg32x02z_exic_mid.o(i.MID_EXIC_PxTriggerAndUnmatch_Cmd), (52 bytes).
    Removing mg32x02z_exic_mid.o(i.MID_EXIC_PxTriggerMode_Config), (56 bytes).
    Removing mg32x02z_exic_mid.o(i.MID_EXIC_PxTriggerOrMask_Select), (8 bytes).
    Removing mg32x02z_exic_mid.o(i.MID_EXIC_PxTrigger_Init), (156 bytes).
    Removing mg32x02z_gpio_mid.o(.rev16_text), (4 bytes).
    Removing mg32x02z_gpio_mid.o(.revsh_text), (4 bytes).
    Removing mg32x02z_gpio_mid.o(i.MID_GPIO_DeInit), (208 bytes).
    Removing mg32x02z_gpio_mid.o(i.MID_GPIO_Init), (74 bytes).
    Removing mg32x02z_gpio_mid.o(i.MID_GPIO_Pin_Init), (38 bytes).
    Removing mg32x02z_gpl_mid.o(.rev16_text), (4 bytes).
    Removing mg32x02z_gpl_mid.o(.revsh_text), (4 bytes).
    Removing mg32x02z_gpl_mid.o(i.MID_GPL_CRC_Accumulate), (202 bytes).
    Removing mg32x02z_gpl_mid.o(i.MID_GPL_CRC_Calculate), (240 bytes).
    Removing mg32x02z_gpl_mid.o(i.MID_GPL_DeInit), (66 bytes).
    Removing mg32x02z_gpl_mid.o(i.MID_GPL_GetState), (8 bytes).
    Removing mg32x02z_gpl_mid.o(i.MID_GPL_Init), (128 bytes).
    Removing mg32x02z_gpl_mid.o(i.MID_GPL_MspDeInit), (2 bytes).
    Removing mg32x02z_gpl_mid.o(i.MID_GPL_MspInit), (2 bytes).
    Removing mg32x02z_i2c_mid.o(.rev16_text), (4 bytes).
    Removing mg32x02z_i2c_mid.o(.revsh_text), (4 bytes).
    Removing mg32x02z_i2c_mid.o(i.I2C_BytemodeMasterEventHandle), (1308 bytes).
    Removing mg32x02z_i2c_mid.o(i.I2C_BytemodeSlaveEventHandle), (1008 bytes).
    Removing mg32x02z_i2c_mid.o(i.I2C_DMACplt), (40 bytes).
    Removing mg32x02z_i2c_mid.o(i.I2C_DMAError), (20 bytes).
    Removing mg32x02z_i2c_mid.o(i.I2C_ListenP), (40 bytes).
    Removing mg32x02z_i2c_mid.o(i.I2C_Master_ISR_IT), (70 bytes).
    Removing mg32x02z_i2c_mid.o(i.I2C_Slave_ISR_IT), (70 bytes).
    Removing mg32x02z_i2c_mid.o(i.I2C_WaitOnEVENTFlagUntilTimeout), (66 bytes).
    Removing mg32x02z_i2c_mid.o(i.MID_I2C_AddrCallback), (2 bytes).
    Removing mg32x02z_i2c_mid.o(i.MID_I2C_DeInit), (60 bytes).
    Removing mg32x02z_i2c_mid.o(i.MID_I2C_ErrorCallback), (2 bytes).
    Removing mg32x02z_i2c_mid.o(i.MID_I2C_GetError), (6 bytes).
    Removing mg32x02z_i2c_mid.o(i.MID_I2C_GetInitTiming), (308 bytes).
    Removing mg32x02z_i2c_mid.o(i.MID_I2C_GetMode), (6 bytes).
    Removing mg32x02z_i2c_mid.o(i.MID_I2C_GetState), (8 bytes).
    Removing mg32x02z_i2c_mid.o(i.MID_I2C_IRQHandler), (30 bytes).
    Removing mg32x02z_i2c_mid.o(i.MID_I2C_Init), (172 bytes).
    Removing mg32x02z_i2c_mid.o(i.MID_I2C_IsDeviceReady), (352 bytes).
    Removing mg32x02z_i2c_mid.o(i.MID_I2C_MasterRxCpltCallback), (2 bytes).
    Removing mg32x02z_i2c_mid.o(i.MID_I2C_MasterTxCpltCallback), (2 bytes).
    Removing mg32x02z_i2c_mid.o(i.MID_I2C_Master_Receive), (308 bytes).
    Removing mg32x02z_i2c_mid.o(i.MID_I2C_Master_Receive_DMA), (384 bytes).
    Removing mg32x02z_i2c_mid.o(i.MID_I2C_Master_Receive_IT), (252 bytes).
    Removing mg32x02z_i2c_mid.o(i.MID_I2C_Master_Transmit), (312 bytes).
    Removing mg32x02z_i2c_mid.o(i.MID_I2C_Master_Transmit_DMA), (376 bytes).
    Removing mg32x02z_i2c_mid.o(i.MID_I2C_Master_Transmit_IT), (244 bytes).
    Removing mg32x02z_i2c_mid.o(i.MID_I2C_Master_Transmit_RepeatStart), (312 bytes).
    Removing mg32x02z_i2c_mid.o(i.MID_I2C_Master_Transmit_RepeatStart_DMA), (376 bytes).
    Removing mg32x02z_i2c_mid.o(i.MID_I2C_Master_Transmit_RepeatStart_IT), (244 bytes).
    Removing mg32x02z_i2c_mid.o(i.MID_I2C_Mem_Read), (436 bytes).
    Removing mg32x02z_i2c_mid.o(i.MID_I2C_Mem_Read_DMA), (536 bytes).
    Removing mg32x02z_i2c_mid.o(i.MID_I2C_Mem_Read_IT), (420 bytes).
    Removing mg32x02z_i2c_mid.o(i.MID_I2C_Mem_Write), (428 bytes).
    Removing mg32x02z_i2c_mid.o(i.MID_I2C_Mem_Write_DMA), (528 bytes).
    Removing mg32x02z_i2c_mid.o(i.MID_I2C_Mem_Write_IT), (376 bytes).
    Removing mg32x02z_i2c_mid.o(i.MID_I2C_MspDeInit), (2 bytes).
    Removing mg32x02z_i2c_mid.o(i.MID_I2C_MspInit), (2 bytes).
    Removing mg32x02z_i2c_mid.o(i.MID_I2C_SlaveRxCpltCallback), (2 bytes).
    Removing mg32x02z_i2c_mid.o(i.MID_I2C_SlaveTxCpltCallback), (2 bytes).
    Removing mg32x02z_i2c_mid.o(i.MID_I2C_Slave_Receive), (296 bytes).
    Removing mg32x02z_i2c_mid.o(i.MID_I2C_Slave_Receive_DMA), (288 bytes).
    Removing mg32x02z_i2c_mid.o(i.MID_I2C_Slave_Receive_IT), (164 bytes).
    Removing mg32x02z_i2c_mid.o(i.MID_I2C_Slave_Transmit), (228 bytes).
    Removing mg32x02z_i2c_mid.o(i.MID_I2C_Slave_Transmit_DMA), (288 bytes).
    Removing mg32x02z_i2c_mid.o(i.MID_I2C_Slave_Transmit_IT), (164 bytes).
    Removing mg32x02z_i2c_mid.o(.constdata), (80 bytes).
    Removing mg32x02z_i2c_mid_ex.o(.rev16_text), (4 bytes).
    Removing mg32x02z_i2c_mid_ex.o(.revsh_text), (4 bytes).
    Removing mg32x02z_i2c_mid_ex.o(i.MID_I2CEx_ConfigDigitalFilter), (94 bytes).
    Removing mg32x02z_i2c_mid_ex.o(i.MID_I2CEx_ConfigPreDriveTime), (114 bytes).
    Removing mg32x02z_i2c_mid_ex.o(.constdata), (80 bytes).
    Removing mg32x02z_iwdt_mid.o(.rev16_text), (4 bytes).
    Removing mg32x02z_iwdt_mid.o(.revsh_text), (4 bytes).
    Removing mg32x02z_iwdt_mid.o(i.IWDT_Error_Handler), (2 bytes).
    Removing mg32x02z_iwdt_mid.o(i.MID_IWDT_EW0INTCallback), (2 bytes).
    Removing mg32x02z_iwdt_mid.o(i.MID_IWDT_EW1INTCallback), (2 bytes).
    Removing mg32x02z_iwdt_mid.o(i.MID_IWDT_IRQHandler), (124 bytes).
    Removing mg32x02z_iwdt_mid.o(i.MID_IWDT_Init), (116 bytes).
    Removing mg32x02z_iwdt_mid.o(i.MID_IWDT_Refresh), (16 bytes).
    Removing mg32x02z_iwdt_mid.o(i.MID_IWDT_TIEINTCallback), (2 bytes).
    Removing mg32x02z_mem_mid.o(.rev16_text), (4 bytes).
    Removing mg32x02z_mem_mid.o(.revsh_text), (4 bytes).
    Removing mg32x02z_mem_mid.o(i.MID_MEM_ConfigIAPSize), (92 bytes).
    Removing mg32x02z_mem_mid.o(i.MID_MEM_FlashPageErase), (212 bytes).
    Removing mg32x02z_mem_mid.o(i.MID_MEM_FlashProgram), (220 bytes).
    Removing mg32x02z_mem_mid.o(i.MID_MEM_GetError), (12 bytes).
    Removing mg32x02z_mem_mid.o(i.MID_MEM_GetIAPExecuteState), (22 bytes).
    Removing mg32x02z_mem_mid.o(i.MID_MEM_GetIAPSizeLockState), (22 bytes).
    Removing mg32x02z_mem_mid.o(i.MID_MEM_IAPExecuteDisable), (32 bytes).
    Removing mg32x02z_mem_mid.o(i.MID_MEM_IAPSizeLock), (32 bytes).
    Removing mg32x02z_mem_mid.o(i.MID_MEM_IRQHandler), (8 bytes).
    Removing mg32x02z_mem_mid.o(i.MID_MEM_ITHandlerCallback), (2 bytes).
    Removing mg32x02z_mem_mid.o(i.MID_MEM_Lock), (10 bytes).
    Removing mg32x02z_mem_mid.o(i.MID_MEM_Unlock), (36 bytes).
    Removing mg32x02z_mem_mid.o(i.MID_MEM_WaitForLastOperation), (120 bytes).
    Removing mg32x02z_mem_mid.o(i.MID_MEM_WarmResettoAP), (72 bytes).
    Removing mg32x02z_mem_mid.o(i.MID_MEM_WarmResettoISP), (72 bytes).
    Removing mg32x02z_mem_mid.o(i.MID_MEM_WarmResettoSRAM), (72 bytes).
    Removing mg32x02z_mem_mid.o(i.__NVIC_SystemReset), (28 bytes).
    Removing mg32x02z_mem_mid.o(.constdata), (80 bytes).
    Removing mg32x02z_mem_mid.o(.data), (8 bytes).
    Removing mg32x02z_pw_mid.o(.rev16_text), (4 bytes).
    Removing mg32x02z_pw_mid.o(.revsh_text), (4 bytes).
    Removing mg32x02z_pw_mid.o(i.MID_PW_BOD0Callback), (2 bytes).
    Removing mg32x02z_pw_mid.o(i.MID_PW_BOD1Callback), (2 bytes).
    Removing mg32x02z_pw_mid.o(i.MID_PW_ConfigBOD1), (36 bytes).
    Removing mg32x02z_pw_mid.o(i.MID_PW_DeInit), (52 bytes).
    Removing mg32x02z_pw_mid.o(i.MID_PW_DisableSleepOnExit), (20 bytes).
    Removing mg32x02z_pw_mid.o(i.MID_PW_EnableSleepOnExit), (20 bytes).
    Removing mg32x02z_pw_mid.o(i.MID_PW_EnterSLEEPMode), (32 bytes).
    Removing mg32x02z_pw_mid.o(i.MID_PW_EnterSTOPMode), (44 bytes).
    Removing mg32x02z_pw_mid.o(i.MID_PW_IRQHandler), (84 bytes).
    Removing mg32x02z_pw_mid.o(i.MID_PW_WKCallback), (2 bytes).
    Removing mg32x02z_rtc_mid.o(.rev16_text), (4 bytes).
    Removing mg32x02z_rtc_mid.o(.revsh_text), (4 bytes).
    Removing mg32x02z_rtc_mid.o(i.MID_RTC_AlarmCallback), (2 bytes).
    Removing mg32x02z_rtc_mid.o(i.MID_RTC_CalendarValueCheck), (74 bytes).
    Removing mg32x02z_rtc_mid.o(i.MID_RTC_Capture_Convert), (632 bytes).
    Removing mg32x02z_rtc_mid.o(i.MID_RTC_DeactivateAlarm), (168 bytes).
    Removing mg32x02z_rtc_mid.o(i.MID_RTC_GetState), (8 bytes).
    Removing mg32x02z_rtc_mid.o(i.MID_RTC_GetTime), (284 bytes).
    Removing mg32x02z_rtc_mid.o(i.MID_RTC_GetWeekend), (192 bytes).
    Removing mg32x02z_rtc_mid.o(i.MID_RTC_IRQHandler), (136 bytes).
    Removing mg32x02z_rtc_mid.o(i.MID_RTC_Init), (240 bytes).
    Removing mg32x02z_rtc_mid.o(i.MID_RTC_LeapYearCheck), (50 bytes).
    Removing mg32x02z_rtc_mid.o(i.MID_RTC_MspDeInit), (2 bytes).
    Removing mg32x02z_rtc_mid.o(i.MID_RTC_MspInit), (2 bytes).
    Removing mg32x02z_rtc_mid.o(i.MID_RTC_PCCallback), (2 bytes).
    Removing mg32x02z_rtc_mid.o(i.MID_RTC_RCRCallback), (2 bytes).
    Removing mg32x02z_rtc_mid.o(i.MID_RTC_SetAlarm), (312 bytes).
    Removing mg32x02z_rtc_mid.o(i.MID_RTC_SetAlarm_IT), (112 bytes).
    Removing mg32x02z_rtc_mid.o(i.MID_RTC_SetTime), (138 bytes).
    Removing mg32x02z_rtc_mid.o(i.MID_RTC_TFCallback), (2 bytes).
    Removing mg32x02z_rtc_mid.o(i.MID_RTC_TSCallback), (2 bytes).
    Removing mg32x02z_rtc_mid.o(i.RTC_EnterInitMode), (68 bytes).
    Removing mg32x02z_spi_mid.o(.rev16_text), (4 bytes).
    Removing mg32x02z_spi_mid.o(.revsh_text), (4 bytes).
    Removing mg32x02z_spi_mid.o(i.MID_SPI_Abort), (528 bytes).
    Removing mg32x02z_spi_mid.o(i.MID_SPI_AbortCpltCallback), (2 bytes).
    Removing mg32x02z_spi_mid.o(i.MID_SPI_Abort_IT), (548 bytes).
    Removing mg32x02z_spi_mid.o(i.MID_SPI_ErrorCallback), (2 bytes).
    Removing mg32x02z_spi_mid.o(i.MID_SPI_IRQHandler), (604 bytes).
    Removing mg32x02z_spi_mid.o(i.MID_SPI_Init), (648 bytes).
    Removing mg32x02z_spi_mid.o(i.MID_SPI_MspDeInit), (2 bytes).
    Removing mg32x02z_spi_mid.o(i.MID_SPI_MspInit), (20 bytes).
    Removing mg32x02z_spi_mid.o(i.MID_SPI_Receive), (612 bytes).
    Removing mg32x02z_spi_mid.o(i.MID_SPI_Receive_DMA), (188 bytes).
    Removing mg32x02z_spi_mid.o(i.MID_SPI_Receive_IT), (400 bytes).
    Removing mg32x02z_spi_mid.o(i.MID_SPI_RxCpltCallback), (2 bytes).
    Removing mg32x02z_spi_mid.o(i.MID_SPI_RxHalfCpltCallback), (2 bytes).
    Removing mg32x02z_spi_mid.o(i.MID_SPI_Transmit), (672 bytes).
    Removing mg32x02z_spi_mid.o(i.MID_SPI_TransmitReceive), (1126 bytes).
    Removing mg32x02z_spi_mid.o(i.MID_SPI_TransmitReceive_DMA), (240 bytes).
    Removing mg32x02z_spi_mid.o(i.MID_SPI_TransmitReceive_IT), (388 bytes).
    Removing mg32x02z_spi_mid.o(i.MID_SPI_Transmit_DMA), (188 bytes).
    Removing mg32x02z_spi_mid.o(i.MID_SPI_Transmit_IT), (248 bytes).
    Removing mg32x02z_spi_mid.o(i.MID_SPI_TxCpltCallback), (2 bytes).
    Removing mg32x02z_spi_mid.o(i.MID_SPI_TxHalfCpltCallback), (2 bytes).
    Removing mg32x02z_spi_mid.o(i.MID_SPI_TxRxCpltCallback), (2 bytes).
    Removing mg32x02z_spi_mid.o(i.MID_SPI_TxRxHalfCpltCallback), (2 bytes).
    Removing mg32x02z_spi_mid.o(i.SPI_2linesRxISR_16BIT), (106 bytes).
    Removing mg32x02z_spi_mid.o(i.SPI_2linesRxISR_32BIT), (60 bytes).
    Removing mg32x02z_spi_mid.o(i.SPI_2linesRxISR_8BIT), (162 bytes).
    Removing mg32x02z_spi_mid.o(i.SPI_2linesTxISR_16BIT), (94 bytes).
    Removing mg32x02z_spi_mid.o(i.SPI_2linesTxISR_32BIT), (60 bytes).
    Removing mg32x02z_spi_mid.o(i.SPI_2linesTxISR_8BIT), (122 bytes).
    Removing mg32x02z_spi_mid.o(i.SPI_AbortRx_ISR), (164 bytes).
    Removing mg32x02z_spi_mid.o(i.SPI_AbortTx_ISR), (164 bytes).
    Removing mg32x02z_spi_mid.o(i.SPI_CloseRxTx_ISR), (108 bytes).
    Removing mg32x02z_spi_mid.o(i.SPI_CloseRx_ISR), (82 bytes).
    Removing mg32x02z_spi_mid.o(i.SPI_CloseTx_ISR), (132 bytes).
    Removing mg32x02z_spi_mid.o(i.SPI_DMAAbortOnError), (20 bytes).
    Removing mg32x02z_spi_mid.o(i.SPI_DMAError), (44 bytes).
    Removing mg32x02z_spi_mid.o(i.SPI_DMAHalfReceiveCplt), (14 bytes).
    Removing mg32x02z_spi_mid.o(i.SPI_DMAHalfTransmitCplt), (14 bytes).
    Removing mg32x02z_spi_mid.o(i.SPI_DMAHalfTransmitReceiveCplt), (14 bytes).
    Removing mg32x02z_spi_mid.o(i.SPI_DMAReceiveCplt), (66 bytes).
    Removing mg32x02z_spi_mid.o(i.SPI_DMARxAbortCallback), (220 bytes).
    Removing mg32x02z_spi_mid.o(i.SPI_DMATransmitCplt), (144 bytes).
    Removing mg32x02z_spi_mid.o(i.SPI_DMATransmitReceiveCplt), (436 bytes).
    Removing mg32x02z_spi_mid.o(i.SPI_DMATxAbortCallback), (214 bytes).
    Removing mg32x02z_spi_mid.o(i.SPI_EndRxTransaction), (336 bytes).
    Removing mg32x02z_spi_mid.o(i.SPI_EndRxTxTransaction), (232 bytes).
    Removing mg32x02z_spi_mid.o(i.SPI_RxISR_16BIT), (112 bytes).
    Removing mg32x02z_spi_mid.o(i.SPI_RxISR_32BIT), (38 bytes).
    Removing mg32x02z_spi_mid.o(i.SPI_RxISR_8BIT), (140 bytes).
    Removing mg32x02z_spi_mid.o(i.SPI_TxISR_16BIT), (72 bytes).
    Removing mg32x02z_spi_mid.o(i.SPI_TxISR_32BIT), (44 bytes).
    Removing mg32x02z_spi_mid.o(i.SPI_TxISR_8BIT), (100 bytes).
    Removing mg32x02z_spi_mid.o(i.SPI_WaitFifoStateUntilTimeout), (122 bytes).
    Removing mg32x02z_spi_mid.o(i.SPI_WaitFlagStateUntilTimeout), (82 bytes).
    Removing mg32x02z_spi_mid.o(.constdata), (80 bytes).
    Removing mg32x02z_spi_mid.o(.data), (136 bytes).
    Removing mg32x02z_sys_mid.o(.rev16_text), (4 bytes).
    Removing mg32x02z_sys_mid.o(.revsh_text), (4 bytes).
    Removing mg32x02z_sys_mid.o(i.MID_SYS_GetChipBody), (48 bytes).
    Removing mg32x02z_sys_mid.o(.data), (32 bytes).
    Removing mg32x02z_tm_mid.o(.rev16_text), (4 bytes).
    Removing mg32x02z_tm_mid.o(.revsh_text), (4 bytes).
    Removing mg32x02z_tm_mid.o(i.MID_TM_8Bx2OC_DeInit), (60 bytes).
    Removing mg32x02z_tm_mid.o(i.MID_TM_8Bx2OC_Init), (48 bytes).
    Removing mg32x02z_tm_mid.o(i.MID_TM_8Bx2OC_MspDeInit), (2 bytes).
    Removing mg32x02z_tm_mid.o(i.MID_TM_8Bx2OC_MspInit), (2 bytes).
    Removing mg32x02z_tm_mid.o(i.MID_TM_8Bx2OC_Start), (32 bytes).
    Removing mg32x02z_tm_mid.o(i.MID_TM_8Bx2OC_Start_DMA), (232 bytes).
    Removing mg32x02z_tm_mid.o(i.MID_TM_8Bx2OC_Start_IT), (166 bytes).
    Removing mg32x02z_tm_mid.o(i.MID_TM_8Bx2OC_Stop), (44 bytes).
    Removing mg32x02z_tm_mid.o(i.MID_TM_8Bx2OC_Stop_DMA), (122 bytes).
    Removing mg32x02z_tm_mid.o(i.MID_TM_8Bx2OC_Stop_IT), (166 bytes).
    Removing mg32x02z_tm_mid.o(i.MID_TM_8Bx2PWM_DTG_DeInit), (60 bytes).
    Removing mg32x02z_tm_mid.o(i.MID_TM_8Bx2PWM_DTG_Init), (48 bytes).
    Removing mg32x02z_tm_mid.o(i.MID_TM_8Bx2PWM_DTG_MspDeInit), (2 bytes).
    Removing mg32x02z_tm_mid.o(i.MID_TM_8Bx2PWM_DTG_MspInit), (2 bytes).
    Removing mg32x02z_tm_mid.o(i.MID_TM_8Bx2PWM_DTG_Start), (56 bytes).
    Removing mg32x02z_tm_mid.o(i.MID_TM_8Bx2PWM_DTG_Start_DMA), (264 bytes).
    Removing mg32x02z_tm_mid.o(i.MID_TM_8Bx2PWM_DTG_Start_IT), (168 bytes).
    Removing mg32x02z_tm_mid.o(i.MID_TM_8Bx2PWM_DTG_Stop), (84 bytes).
    Removing mg32x02z_tm_mid.o(i.MID_TM_8Bx2PWM_DTG_Stop_DMA), (172 bytes).
    Removing mg32x02z_tm_mid.o(i.MID_TM_8Bx2PWM_DTG_Stop_IT), (196 bytes).
    Removing mg32x02z_tm_mid.o(i.MID_TM_8Bx2PWM_DeInit), (82 bytes).
    Removing mg32x02z_tm_mid.o(i.MID_TM_8Bx2PWM_Init), (48 bytes).
    Removing mg32x02z_tm_mid.o(i.MID_TM_8Bx2PWM_MspDeInit), (2 bytes).
    Removing mg32x02z_tm_mid.o(i.MID_TM_8Bx2PWM_MspInit), (2 bytes).
    Removing mg32x02z_tm_mid.o(i.MID_TM_8Bx2PWM_Start), (56 bytes).
    Removing mg32x02z_tm_mid.o(i.MID_TM_8Bx2PWM_Start_DMA), (256 bytes).
    Removing mg32x02z_tm_mid.o(i.MID_TM_8Bx2PWM_Start_IT), (192 bytes).
    Removing mg32x02z_tm_mid.o(i.MID_TM_8Bx2PWM_Stop), (84 bytes).
    Removing mg32x02z_tm_mid.o(i.MID_TM_8Bx2PWM_Stop_DMA), (164 bytes).
    Removing mg32x02z_tm_mid.o(i.MID_TM_8Bx2PWM_Stop_IT), (208 bytes).
    Removing mg32x02z_tm_mid.o(i.MID_TM_Base_DeInit), (60 bytes).
    Removing mg32x02z_tm_mid.o(i.MID_TM_Base_GetState), (8 bytes).
    Removing mg32x02z_tm_mid.o(i.MID_TM_Base_Init), (56 bytes).
    Removing mg32x02z_tm_mid.o(i.MID_TM_Base_MspDeInit), (2 bytes).
    Removing mg32x02z_tm_mid.o(i.MID_TM_Base_MspInit), (2 bytes).
    Removing mg32x02z_tm_mid.o(i.MID_TM_Base_Start), (30 bytes).
    Removing mg32x02z_tm_mid.o(i.MID_TM_Base_Start_IT), (42 bytes).
    Removing mg32x02z_tm_mid.o(i.MID_TM_Base_Stop), (42 bytes).
    Removing mg32x02z_tm_mid.o(i.MID_TM_Base_Stop_IT), (114 bytes).
    Removing mg32x02z_tm_mid.o(i.MID_TM_BreakCallback), (2 bytes).
    Removing mg32x02z_tm_mid.o(i.MID_TM_ClockOut), (72 bytes).
    Removing mg32x02z_tm_mid.o(i.MID_TM_ConfigBreakDeadTime), (118 bytes).
    Removing mg32x02z_tm_mid.o(i.MID_TM_ConfigClockSource), (116 bytes).
    Removing mg32x02z_tm_mid.o(i.MID_TM_Encoder_DeInit), (82 bytes).
    Removing mg32x02z_tm_mid.o(i.MID_TM_Encoder_GetState), (8 bytes).
    Removing mg32x02z_tm_mid.o(i.MID_TM_Encoder_Init), (56 bytes).
    Removing mg32x02z_tm_mid.o(i.MID_TM_Encoder_MspDeInit), (2 bytes).
    Removing mg32x02z_tm_mid.o(i.MID_TM_Encoder_MspInit), (2 bytes).
    Removing mg32x02z_tm_mid.o(i.MID_TM_Encoder_Start), (114 bytes).
    Removing mg32x02z_tm_mid.o(i.MID_TM_Encoder_Start_IT), (54 bytes).
    Removing mg32x02z_tm_mid.o(i.MID_TM_Encoder_Stop), (30 bytes).
    Removing mg32x02z_tm_mid.o(i.MID_TM_Encoder_Stop_IT), (82 bytes).
    Removing mg32x02z_tm_mid.o(i.MID_TM_ErrorCallback), (2 bytes).
    Removing mg32x02z_tm_mid.o(i.MID_TM_GenerateEvent), (264 bytes).
    Removing mg32x02z_tm_mid.o(i.MID_TM_IC_CaptureCallback), (2 bytes).
    Removing mg32x02z_tm_mid.o(i.MID_TM_IC_ConfigChannel), (336 bytes).
    Removing mg32x02z_tm_mid.o(i.MID_TM_IC_DeInit), (60 bytes).
    Removing mg32x02z_tm_mid.o(i.MID_TM_IC_GetState), (8 bytes).
    Removing mg32x02z_tm_mid.o(i.MID_TM_IC_Init), (56 bytes).
    Removing mg32x02z_tm_mid.o(i.MID_TM_IC_MspDeInit), (2 bytes).
    Removing mg32x02z_tm_mid.o(i.MID_TM_IC_MspInit), (2 bytes).
    Removing mg32x02z_tm_mid.o(i.MID_TM_IC_Start), (32 bytes).
    Removing mg32x02z_tm_mid.o(i.MID_TM_IC_Start_DMA), (144 bytes).
    Removing mg32x02z_tm_mid.o(i.MID_TM_IC_Start_IT), (178 bytes).
    Removing mg32x02z_tm_mid.o(i.MID_TM_IC_Stop), (44 bytes).
    Removing mg32x02z_tm_mid.o(i.MID_TM_IC_Stop_DMA), (82 bytes).
    Removing mg32x02z_tm_mid.o(i.MID_TM_IC_Stop_IT), (166 bytes).
    Removing mg32x02z_tm_mid.o(i.MID_TM_IRQHandler), (556 bytes).
    Removing mg32x02z_tm_mid.o(i.MID_TM_MasterConfigSynchronization), (76 bytes).
    Removing mg32x02z_tm_mid.o(i.MID_TM_OC_ConfigChannel), (118 bytes).
    Removing mg32x02z_tm_mid.o(i.MID_TM_OC_DeInit), (60 bytes).
    Removing mg32x02z_tm_mid.o(i.MID_TM_OC_DelayElapsedCallback), (2 bytes).
    Removing mg32x02z_tm_mid.o(i.MID_TM_OC_GetState), (8 bytes).
    Removing mg32x02z_tm_mid.o(i.MID_TM_OC_Init), (48 bytes).
    Removing mg32x02z_tm_mid.o(i.MID_TM_OC_MspDeInit), (2 bytes).
    Removing mg32x02z_tm_mid.o(i.MID_TM_OC_MspInit), (2 bytes).
    Removing mg32x02z_tm_mid.o(i.MID_TM_OC_SetDeadTime), (28 bytes).
    Removing mg32x02z_tm_mid.o(i.MID_TM_OC_SetDeadTimeDivider), (26 bytes).
    Removing mg32x02z_tm_mid.o(i.MID_TM_OC_Start), (32 bytes).
    Removing mg32x02z_tm_mid.o(i.MID_TM_OC_Start_DMA), (268 bytes).
    Removing mg32x02z_tm_mid.o(i.MID_TM_OC_Start_IT), (166 bytes).
    Removing mg32x02z_tm_mid.o(i.MID_TM_OC_Stop), (44 bytes).
    Removing mg32x02z_tm_mid.o(i.MID_TM_OC_Stop_DMA), (122 bytes).
    Removing mg32x02z_tm_mid.o(i.MID_TM_OC_Stop_IT), (202 bytes).
    Removing mg32x02z_tm_mid.o(i.MID_TM_OC_Struct_Init), (26 bytes).
    Removing mg32x02z_tm_mid.o(i.MID_TM_OnePulseCallback), (2 bytes).
    Removing mg32x02z_tm_mid.o(i.MID_TM_OnePulse_GetState), (8 bytes).
    Removing mg32x02z_tm_mid.o(i.MID_TM_PWM_ConfigChannel), (118 bytes).
    Removing mg32x02z_tm_mid.o(i.MID_TM_PWM_DTG_DeInit), (82 bytes).
    Removing mg32x02z_tm_mid.o(i.MID_TM_PWM_DTG_Init), (48 bytes).
    Removing mg32x02z_tm_mid.o(i.MID_TM_PWM_DTG_MspDeInit), (2 bytes).
    Removing mg32x02z_tm_mid.o(i.MID_TM_PWM_DTG_MspInit), (2 bytes).
    Removing mg32x02z_tm_mid.o(i.MID_TM_PWM_DTG_Start), (56 bytes).
    Removing mg32x02z_tm_mid.o(i.MID_TM_PWM_DTG_Start_DMA), (264 bytes).
    Removing mg32x02z_tm_mid.o(i.MID_TM_PWM_DTG_Start_IT), (168 bytes).
    Removing mg32x02z_tm_mid.o(i.MID_TM_PWM_DTG_Stop), (84 bytes).
    Removing mg32x02z_tm_mid.o(i.MID_TM_PWM_DTG_Stop_DMA), (172 bytes).
    Removing mg32x02z_tm_mid.o(i.MID_TM_PWM_DTG_Stop_IT), (200 bytes).
    Removing mg32x02z_tm_mid.o(i.MID_TM_PWM_DeInit), (82 bytes).
    Removing mg32x02z_tm_mid.o(i.MID_TM_PWM_GetState), (8 bytes).
    Removing mg32x02z_tm_mid.o(i.MID_TM_PWM_Init), (48 bytes).
    Removing mg32x02z_tm_mid.o(i.MID_TM_PWM_MspDeInit), (2 bytes).
    Removing mg32x02z_tm_mid.o(i.MID_TM_PWM_MspInit), (2 bytes).
    Removing mg32x02z_tm_mid.o(i.MID_TM_PWM_PulseFinishedCallback), (2 bytes).
    Removing mg32x02z_tm_mid.o(i.MID_TM_PWM_Start), (56 bytes).
    Removing mg32x02z_tm_mid.o(i.MID_TM_PWM_Start_DMA), (256 bytes).
    Removing mg32x02z_tm_mid.o(i.MID_TM_PWM_Start_IT), (192 bytes).
    Removing mg32x02z_tm_mid.o(i.MID_TM_PWM_Stop), (84 bytes).
    Removing mg32x02z_tm_mid.o(i.MID_TM_PWM_Stop_DMA), (164 bytes).
    Removing mg32x02z_tm_mid.o(i.MID_TM_PWM_Stop_IT), (208 bytes).
    Removing mg32x02z_tm_mid.o(i.MID_TM_PeriodElapsedCallback), (2 bytes).
    Removing mg32x02z_tm_mid.o(i.MID_TM_QEI_DIRCHANGECallback), (2 bytes).
    Removing mg32x02z_tm_mid.o(i.MID_TM_QEI_ErrorCallback), (2 bytes).
    Removing mg32x02z_tm_mid.o(i.MID_TM_QEI_INDEXCallback), (2 bytes).
    Removing mg32x02z_tm_mid.o(i.MID_TM_ReadCapturedValue), (348 bytes).
    Removing mg32x02z_tm_mid.o(i.MID_TM_SlaveConfigSynchronization), (74 bytes).
    Removing mg32x02z_tm_mid.o(i.MID_TM_SlaveConfigSynchronization_IT), (74 bytes).
    Removing mg32x02z_tm_mid.o(i.MID_TM_TriggerCallback), (2 bytes).
    Removing mg32x02z_tm_mid.o(i.TM_Base_SetConfig), (44 bytes).
    Removing mg32x02z_tm_mid.o(i.TM_CCxChannelCmd), (32 bytes).
    Removing mg32x02z_tm_mid.o(i.TM_DMACaptureCplt), (70 bytes).
    Removing mg32x02z_tm_mid.o(i.TM_DMADelayPulseCplt), (70 bytes).
    Removing mg32x02z_tm_mid.o(i.TM_DMAError), (20 bytes).
    Removing mg32x02z_tm_mid.o(i.TM_OC0_SetConfig), (188 bytes).
    Removing mg32x02z_tm_mid.o(i.TM_OC1_SetConfig), (196 bytes).
    Removing mg32x02z_tm_mid.o(i.TM_OC2_SetConfig), (200 bytes).
    Removing mg32x02z_tm_mid.o(i.TM_OC3_SetConfig), (196 bytes).
    Removing mg32x02z_tm_mid.o(i.TM_SlaveTimer_SetConfig), (56 bytes).
    Removing mg32x02z_urt_mid.o(.rev16_text), (4 bytes).
    Removing mg32x02z_urt_mid.o(.revsh_text), (4 bytes).
    Removing mg32x02z_urt_mid.o(i.MID_URT_Abort), (130 bytes).
    Removing mg32x02z_urt_mid.o(i.MID_URT_AbortCpltCallback), (2 bytes).
    Removing mg32x02z_urt_mid.o(i.MID_URT_AbortReceive), (84 bytes).
    Removing mg32x02z_urt_mid.o(i.MID_URT_AbortReceiveCpltCallback), (2 bytes).
    Removing mg32x02z_urt_mid.o(i.MID_URT_AbortReceive_IT), (128 bytes).
    Removing mg32x02z_urt_mid.o(i.MID_URT_AbortTransmit), (72 bytes).
    Removing mg32x02z_urt_mid.o(i.MID_URT_AbortTransmitCpltCallback), (2 bytes).
    Removing mg32x02z_urt_mid.o(i.MID_URT_AbortTransmit_IT), (112 bytes).
    Removing mg32x02z_urt_mid.o(i.MID_URT_Abort_IT), (236 bytes).
    Removing mg32x02z_urt_mid.o(i.MID_URT_AdvFeatureConfig), (232 bytes).
    Removing mg32x02z_urt_mid.o(i.MID_URT_CheckIdleState), (30 bytes).
    Removing mg32x02z_urt_mid.o(i.MID_URT_DMAPause), (124 bytes).
    Removing mg32x02z_urt_mid.o(i.MID_URT_DMAResume), (128 bytes).
    Removing mg32x02z_urt_mid.o(i.MID_URT_DMAStop), (92 bytes).
    Removing mg32x02z_urt_mid.o(i.MID_URT_DeInit), (146 bytes).
    Removing mg32x02z_urt_mid.o(i.MID_URT_DisableSleepMode), (168 bytes).
    Removing mg32x02z_urt_mid.o(i.MID_URT_EnableSleepMode), (168 bytes).
    Removing mg32x02z_urt_mid.o(i.MID_URT_ErrorCallback), (2 bytes).
    Removing mg32x02z_urt_mid.o(i.MID_URT_GetBRGClocksource), (52 bytes).
    Removing mg32x02z_urt_mid.o(i.MID_URT_GetError), (6 bytes).
    Removing mg32x02z_urt_mid.o(i.MID_URT_GetState), (16 bytes).
    Removing mg32x02z_urt_mid.o(i.MID_URT_HalfDuplex_Init), (236 bytes).
    Removing mg32x02z_urt_mid.o(i.MID_URT_IRQHandler), (288 bytes).
    Removing mg32x02z_urt_mid.o(i.MID_URT_Init), (232 bytes).
    Removing mg32x02z_urt_mid.o(i.MID_URT_MspDeInit), (2 bytes).
    Removing mg32x02z_urt_mid.o(i.MID_URT_MspInit), (2 bytes).
    Removing mg32x02z_urt_mid.o(i.MID_URT_MultiProcessor_Init), (300 bytes).
    Removing mg32x02z_urt_mid.o(i.MID_URT_RS485_Init), (208 bytes).
    Removing mg32x02z_urt_mid.o(i.MID_URT_Receive), (176 bytes).
    Removing mg32x02z_urt_mid.o(i.MID_URT_Receive_DMA), (212 bytes).
    Removing mg32x02z_urt_mid.o(i.MID_URT_Receive_IT), (120 bytes).
    Removing mg32x02z_urt_mid.o(i.MID_URT_RxCpltCallback), (2 bytes).
    Removing mg32x02z_urt_mid.o(i.MID_URT_RxHalfCpltCallback), (2 bytes).
    Removing mg32x02z_urt_mid.o(i.MID_URT_SetConfig), (292 bytes).
    Removing mg32x02z_urt_mid.o(i.MID_URT_Transmit), (168 bytes).
    Removing mg32x02z_urt_mid.o(i.MID_URT_Transmit_DMA), (180 bytes).
    Removing mg32x02z_urt_mid.o(i.MID_URT_Transmit_IT), (112 bytes).
    Removing mg32x02z_urt_mid.o(i.MID_URT_TxCpltCallback), (2 bytes).
    Removing mg32x02z_urt_mid.o(i.MID_URT_TxHalfCpltCallback), (2 bytes).
    Removing mg32x02z_urt_mid.o(i.MID_URT_WaitOnFlagUntilTimeout), (98 bytes).
    Removing mg32x02z_urt_mid.o(i.ifun_URT_DMAAbortOnError), (20 bytes).
    Removing mg32x02z_urt_mid.o(i.ifun_URT_DMAError), (84 bytes).
    Removing mg32x02z_urt_mid.o(i.ifun_URT_DMAReceiveCplt), (54 bytes).
    Removing mg32x02z_urt_mid.o(i.ifun_URT_DMARxAbortCallback), (64 bytes).
    Removing mg32x02z_urt_mid.o(i.ifun_URT_DMARxHalfCplt), (14 bytes).
    Removing mg32x02z_urt_mid.o(i.ifun_URT_DMARxOnlyAbortCallback), (32 bytes).
    Removing mg32x02z_urt_mid.o(i.ifun_URT_DMATransmitCplt), (36 bytes).
    Removing mg32x02z_urt_mid.o(i.ifun_URT_DMATxAbortCallback), (64 bytes).
    Removing mg32x02z_urt_mid.o(i.ifun_URT_DMATxHalfCplt), (14 bytes).
    Removing mg32x02z_urt_mid.o(i.ifun_URT_DMATxOnlyAbortCallback), (24 bytes).
    Removing mg32x02z_urt_mid.o(i.ifun_URT_EndRxTransfer), (20 bytes).
    Removing mg32x02z_urt_mid.o(i.ifun_URT_EndTransmit_IT), (32 bytes).
    Removing mg32x02z_urt_mid.o(i.ifun_URT_EndTxTransfer), (20 bytes).
    Removing mg32x02z_urt_mid.o(i.ifun_URT_Receive_IT), (100 bytes).
    Removing mg32x02z_urt_mid.o(i.ifun_URT_Transmit_IT), (146 bytes).
    Removing mg32x02z_urt_mid.o(.constdata), (80 bytes).
    Removing mg32x02z_wwdt_mid.o(.rev16_text), (4 bytes).
    Removing mg32x02z_wwdt_mid.o(.revsh_text), (4 bytes).
    Removing mg32x02z_wwdt_mid.o(i.MID_WWDT_IRQHandler), (120 bytes).
    Removing mg32x02z_wwdt_mid.o(i.MID_WWDT_Init), (72 bytes).
    Removing mg32x02z_wwdt_mid.o(i.MID_WWDT_MspInit), (2 bytes).
    Removing mg32x02z_wwdt_mid.o(i.MID_WWDT_Refresh), (20 bytes).
    Removing mg32x02z_wwdt_mid.o(i.MID_WWDT_TFINTCallback), (2 bytes).
    Removing mg32x02z_wwdt_mid.o(i.MID_WWDT_WININTCallback), (2 bytes).
    Removing mg32x02z_wwdt_mid.o(i.MID_WWDT_WRNINTCallback), (2 bytes).
    Removing mg32x02z_wwdt_mid.o(i.WWDT_Error_Handler), (2 bytes).
    Removing mg32x02z_cortex_mid.o(.rev16_text), (4 bytes).
    Removing mg32x02z_cortex_mid.o(.revsh_text), (4 bytes).
    Removing mg32x02z_cortex_mid.o(i.MID_NVIC_ClearPendingIRQ), (28 bytes).
    Removing mg32x02z_cortex_mid.o(i.MID_NVIC_DisableIRQ), (36 bytes).
    Removing mg32x02z_cortex_mid.o(i.MID_NVIC_EnableIRQ), (36 bytes).
    Removing mg32x02z_cortex_mid.o(i.MID_NVIC_GetPendingIRQ), (48 bytes).
    Removing mg32x02z_cortex_mid.o(i.MID_NVIC_GetPriority), (72 bytes).
    Removing mg32x02z_cortex_mid.o(i.MID_NVIC_SetPendingIRQ), (28 bytes).
    Removing mg32x02z_cortex_mid.o(i.MID_NVIC_SetPriority), (18 bytes).
    Removing mg32x02z_cortex_mid.o(i.MID_NVIC_SystemReset), (32 bytes).
    Removing mg32x02z_cortex_mid.o(i.MID_SYSTICK_CLKSourceConfig), (36 bytes).
    Removing mg32x02z_cortex_mid.o(i.MID_SYSTICK_Callback), (2 bytes).
    Removing mg32x02z_cortex_mid.o(i.MID_SYSTICK_Config), (56 bytes).
    Removing mg32x02z_cortex_mid.o(i.MID_SYSTICK_DisableIRQ), (20 bytes).
    Removing mg32x02z_cortex_mid.o(i.MID_SYSTICK_EnableIRQ), (20 bytes).
    Removing mg32x02z_cortex_mid.o(i.MID_SYSTICK_GetCurrentValue), (12 bytes).
    Removing mg32x02z_cortex_mid.o(i.MID_SYSTICK_IRQHandler), (8 bytes).
    Removing mg32x02z_cortex_mid.o(i.__NVIC_SetPriority), (120 bytes).
    Removing mg32x02z_adc_drv.o(i.__ARM_common_switch8), (28 bytes).
    Removing mg32x02z_emb_drv.o(i.EMB_Cmd), (24 bytes).
    Removing mg32x02z_emb_drv.o(i.EMB_Synchonous_Cmd), (28 bytes).
    Removing mg32x02z_emb_drv.o(i.EMB_AccessTime_Config), (32 bytes).
    Removing mg32x02z_emb_drv.o(i.EMB_ITEA_Cmd), (24 bytes).
    Removing mg32x02z_emb_drv.o(i.EMB_GetAllFlagStatus), (12 bytes).
    Removing mg32x02z_emb_drv.o(i.EMB_ClearFlag), (12 bytes).
    Removing mg32x02z_emb_drv.o(i.EMB_MWESignal_Select), (28 bytes).
    Removing mg32x02z_emb_drv.o(i.EMB_MOESignal_Select), (28 bytes).
    Removing mg32x02z_emb_drv.o(i.EMB_MCLKPreescaler_Select), (28 bytes).
    Removing mg32x02z_emb_drv.o(i.EMB_WESignalMode_Select), (28 bytes).
    Removing mg32x02z_emb_drv.o(i.EMB_OESignalMode_Select), (28 bytes).
    Removing mg32x02z_emb_drv.o(i.EMB_CEMode_Select), (24 bytes).
    Removing mg32x02z_emb_drv.o(i.EMB_MA1SignalOutputPin_Select), (28 bytes).
    Removing mg32x02z_emb_drv.o(i.EMB_DMA_Cmd), (28 bytes).

1432 unused section(s) (total 77756 bytes) removed from the image.
